=== Production deploy started: 2026-09-21T11:02:35+08:00 ===
Commit: 1918c5466f2b74a3391edeb0923fe6d0bc20eddb
Working tree:
?? deploy-20260921-110235.log
Deploying checkout: /home/rahimin_amin/ten-fold-plane/ten-fold-plane
Checkout commit: 1918c5466f
Source fingerprint: 8ebb54179a2279804e798209cc6387578f6138fe132baf0e1dade40b7ce697a7
Uploading Ten-Fold to root@178.128.104.112:/opt/plane/app/ten-fold-plane...
Uploaded source matches local checkout.
Rebuilding and migrating Plane on the Droplet...
 Image gristlabs/grist:1.7.16 Pulling 
 Image gristlabs/grist:1.7.16 Pulled 
 Container ten-fold-plane-grist-1 Recreate 
 Container ten-fold-plane-grist-1 Recreated 
 Container ten-fold-plane-grist-1 Starting 
 Container ten-fold-plane-grist-1 Started 
 Container ten-fold-plane-grist-1 Waiting 
 Container ten-fold-plane-grist-1 Healthy 
 Container plane-db Running 
 Container plane-redis Running 
 Image ten-fold-plane-migrator Building 
#1 [internal] load local bake definitions
#1 reading from stdin 610B done
#1 DONE 0.0s

#2 [internal] load build definition from Dockerfile.api
#2 transferring dockerfile: 1.30kB 0.0s done
#2 DONE 0.0s

#3 [internal] load metadata for docker.io/library/python:3.12.10-alpine
#3 DONE 3.0s

#4 [internal] load .dockerignore
#4 transferring context: 2B done
#4 DONE 0.0s

#5 [internal] load build context
#5 DONE 0.0s

#6 [ 1/17] FROM docker.io/library/python:3.12.10-alpine@sha256:4bbf5ef9ce4b273299d394de268ad6018e10a9375d7efc7c2ce9501a6eb6b86c
#6 resolve docker.io/library/python:3.12.10-alpine@sha256:4bbf5ef9ce4b273299d394de268ad6018e10a9375d7efc7c2ce9501a6eb6b86c 0.1s done
#6 DONE 0.1s

#5 [internal] load build context
#5 transferring context: 223.24kB 0.2s done
#5 DONE 0.2s

#7 [ 2/17] RUN apk update && apk upgrade
#7 CACHED

#8 [ 3/17] WORKDIR /code
#8 CACHED

#9 [ 4/17] RUN apk add --no-cache --upgrade     "libpq"     "libxslt"     "xmlsec"     "ca-certificates"     "openssl"
#9 CACHED

#10 [ 5/17] COPY requirements.txt ./
#10 CACHED

#11 [ 6/17] COPY requirements ./requirements
#11 CACHED

#12 [ 7/17] RUN apk add --no-cache libffi-dev
#12 CACHED

#13 [ 8/17] RUN apk add --no-cache --virtual .build-deps     "bash~=5.2"     "g++"     "gcc"     "cargo"     "git"     "make"     "postgresql-dev"     "libc-dev"     "linux-headers"     &&     pip install -r requirements.txt --compile --no-cache-dir     &&     apk del .build-deps     &&     rm -rf /var/cache/apk/*
#13 CACHED

#14 [ 9/17] COPY manage.py manage.py
#14 CACHED

#15 [10/17] COPY plane plane/
#15 DONE 0.8s

#16 [11/17] COPY templates templates/
#16 DONE 0.1s

#17 [12/17] COPY package.json package.json
#17 DONE 0.2s

#18 [13/17] RUN apk --no-cache add "bash~=5.2"
#18 0.807 fetch https://dl-cdn.alpinelinux.org/alpine/v3.22/main/x86_64/APKINDEX.tar.gz
#18 0.965 fetch https://dl-cdn.alpinelinux.org/alpine/v3.22/community/x86_64/APKINDEX.tar.gz
#18 1.784 (1/1) Installing bash (5.2.37-r0)
#18 1.804 Executing bash-5.2.37-r0.post-install
#18 1.812 Executing busybox-1.37.0-r20.trigger
#18 1.839 OK: 24 MiB in 48 packages
#18 DONE 2.2s

#19 [14/17] COPY ./bin ./bin/
#19 DONE 0.1s

#20 [15/17] RUN mkdir -p /code/plane/logs
#20 DONE 0.3s

#21 [16/17] RUN chmod +x ./bin/*
#21 DONE 0.3s

#22 [17/17] RUN chmod -R 777 /code
#22 DONE 3.6s

#23 exporting to image
#23 exporting layers
#23 exporting layers 1.6s done
#23 exporting manifest sha256:080d2650a3983d631f79ebff2143b9ce14b7d67012e3e76a40043f1e076666d4 0.0s done
#23 exporting config sha256:eeab1d10e0cb3740875c4bae3e4c360e881d6bac7fe61dded02bee006726abdd 0.0s done
#23 exporting attestation manifest sha256:a575370aff8f6ea1a246a3f475107138f791ee034a816f1faea680a07332ca10 0.0s done
#23 exporting manifest list sha256:1a67bdc73df343f5f3a3796c16dacfa091761188939c776330dac5bf769f1fc7 0.0s done
#23 naming to docker.io/library/ten-fold-plane-migrator:latest
#23 naming to docker.io/library/ten-fold-plane-migrator:latest done
#23 unpacking to docker.io/library/ten-fold-plane-migrator:latest
#23 unpacking to docker.io/library/ten-fold-plane-migrator:latest 1.1s done
#23 DONE 3.0s

#24 resolving provenance for metadata file
#24 DONE 0.3s
 Image ten-fold-plane-migrator Built 
 Container ten-fold-plane-migrator-run-e9b6e69f58d8 Creating 
 Container ten-fold-plane-migrator-run-e9b6e69f58d8 Created 
Waiting for database...
Database available!
Operations to perform:
  Apply all migrations: auth, contenttypes, db, django_celery_beat, license, sessions
