=== Production deploy started: 2026-09-20T11:30:13+08:00 ===
Commit: 338a34c8e4e76b13a4f393149cdfc4c1723adc7c
Working tree:
?? " 2026-09-20T11:02:57+08:00"
?? 0
?? "\\n=== Production deploy finished: %s (exit=%s, elapsed=%sm %ss) ===\\nLog: %s\\n"
?? deploy-20260920-101347.log
?? deploy-20260920-110437.log
?? deploy-20260920-113013.log
?? docs/superpowers/plans/2026-09-20-personal-sidebar-pinning.md
?? elapsed=94
?? exit
?? printf
?? status=0
Deploying checkout: /home/rahimin_amin/ten-fold-plane/ten-fold-plane
Checkout commit: 338a34c8e4
Source fingerprint: 77b33dfce93e59c84c68c4ebb74ade968092e48b05b0ca15ce5841d1678f6a34
Uploading Ten-Fold to root@178.128.104.112:/opt/plane/app/ten-fold-plane...
Uploaded source matches local checkout.
Rebuilding and migrating Plane on the Droplet...
 Image gristlabs/grist:1.7.16 Pulling 
 Image gristlabs/grist:1.7.16 Pulled 
 Container ten-fold-plane-grist-1 Recreate 
 Container ten-fold-plane-grist-1 Recreated 
 Container ten-fold-plane-grist-1 Starting 
 Container ten-fold-plane-grist-1 Started 
 Container ten-fold-plane-grist-1 Waiting 
 Container ten-fold-plane-grist-1 Healthy 
 Container plane-redis Running 
 Container plane-db Running 
#1 [internal] load local bake definitions
 Image ten-fold-plane-migrator Building 
#1 reading from stdin 610B done
#1 DONE 0.0s

#2 [internal] load build definition from Dockerfile.api
#2 transferring dockerfile: 1.30kB 0.0s done
#2 DONE 0.0s

#3 [internal] load metadata for docker.io/library/python:3.12.10-alpine
#3 DONE 1.4s

#4 [internal] load .dockerignore
#4 transferring context: 2B done
#4 DONE 0.0s

#5 [internal] load build context
#5 DONE 0.0s

#6 [ 1/17] FROM docker.io/library/python:3.12.10-alpine@sha256:4bbf5ef9ce4b273299d394de268ad6018e10a9375d7efc7c2ce9501a6eb6b86c
#6 resolve docker.io/library/python:3.12.10-alpine@sha256:4bbf5ef9ce4b273299d394de268ad6018e10a9375d7efc7c2ce9501a6eb6b86c 0.1s done
#6 DONE 0.1s

#5 [internal] load build context
#5 transferring context: 100.48kB 0.2s done
#5 DONE 0.3s

#7 [16/17] RUN chmod +x ./bin/*
#7 CACHED

#8 [ 9/17] COPY manage.py manage.py
#8 CACHED

#9 [11/17] COPY templates templates/
#9 CACHED

#10 [ 7/17] RUN apk add --no-cache libffi-dev
#10 CACHED

#11 [13/17] RUN apk --no-cache add "bash~=5.2"
#11 CACHED

#12 [ 4/17] RUN apk add --no-cache --upgrade     "libpq"     "libxslt"     "xmlsec"     "ca-certificates"     "openssl"
#12 CACHED

#13 [12/17] COPY package.json package.json
#13 CACHED

#14 [ 2/17] RUN apk update && apk upgrade
#14 CACHED

#15 [ 8/17] RUN apk add --no-cache --virtual .build-deps     "bash~=5.2"     "g++"     "gcc"     "cargo"     "git"     "make"     "postgresql-dev"     "libc-dev"     "linux-headers"     &&     pip install -r requirements.txt --compile --no-cache-dir     &&     apk del .build-deps     &&     rm -rf /var/cache/apk/*
#15 CACHED

#16 [ 6/17] COPY requirements ./requirements
#16 CACHED

#17 [10/17] COPY plane plane/
#17 CACHED

#18 [15/17] RUN mkdir -p /code/plane/logs
#18 CACHED

#19 [ 5/17] COPY requirements.txt ./
#19 CACHED

#20 [14/17] COPY ./bin ./bin/
#20 CACHED

#21 [ 3/17] WORKDIR /code
#21 CACHED

#22 [17/17] RUN chmod -R 777 /code
#22 CACHED

#23 exporting to image
#23 exporting layers 0.0s done
#23 exporting manifest sha256:4f5184663dc37b11cf2cf03925d10b8bb270c8373b3acb6acc88aebbaee29339 done
#23 exporting config sha256:0a639d02d7a0e95d5867da9631f319749084332371b2828d3e801cf061ebf0fc done
#23 exporting attestation manifest sha256:920b8cd2327424628c2bfa0731c79ae4aa494d46eb4bdf935a52d9d9e2e308ec 0.0s done
#23 exporting manifest list sha256:9f8bc5302a3665e239f74ab742214d35150ca6504329f7d270251a4c89a9fb9b 0.0s done
#23 naming to docker.io/library/ten-fold-plane-migrator:latest done
#23 unpacking to docker.io/library/ten-fold-plane-migrator:latest 0.0s done
#23 DONE 0.2s

#24 resolving provenance for metadata file
#24 DONE 0.0s
 Image ten-fold-plane-migrator Built 
 Container ten-fold-plane-migrator-run-de94de884537 Creating 
 Container ten-fold-plane-migrator-run-de94de884537 Created 
Waiting for database...
Database available!
Operations to perform:
  Apply all migrations: auth, contenttypes, db, django_celery_beat, license, sessions
Running migrations:
  No migrations to apply.
  Your models in app(s): 'db' have changes that are not yet reflected in a migration, and so won't be applied.
  Run 'manage.py makemigrations' to make new migrations, and then re-run 'manage.py migrate' to apply them.
 Image ten-fold-plane-admin Building 
#1 [internal] load local bake definitions
#1 reading from stdin 1.72kB done
#1 DONE 0.0s

#2 [internal] load build definition from Dockerfile.admin
#2 transferring dockerfile: 3.20kB done
#2 DONE 0.0s

#3 [internal] load metadata for docker.io/library/caddy:2.11-builder-alpine
#3 ...

#4 [internal] load metadata for docker.io/library/caddy:2.11-alpine
#4 DONE 1.4s

#5 [internal] load metadata for docker.io/library/node:22-alpine
#5 DONE 1.4s

#3 [internal] load metadata for docker.io/library/caddy:2.11-builder-alpine
#3 DONE 1.4s

#6 [internal] load .dockerignore
#6 transferring context: 882B done
#6 DONE 0.0s

#7 [internal] load build context
#7 DONE 0.0s

#8 [base 1/3] FROM docker.io/library/node:22-alpine@sha256:b6f26b36c8ff49624cfdac716b8ea1138d606df02586a77d364bb5536a634f85
#8 resolve docker.io/library/node:22-alpine@sha256:b6f26b36c8ff49624cfdac716b8ea1138d606df02586a77d364bb5536a634f85 0.1s done
#8 DONE 0.1s

#9 [production 1/5] FROM docker.io/library/caddy:2.11-alpine@sha256:de23def33b17fb5d1290b0f6c2add1d70780e52341896c00a4c8a2a2fe9d355e
#9 resolve docker.io/library/caddy:2.11-alpine@sha256:de23def33b17fb5d1290b0f6c2add1d70780e52341896c00a4c8a2a2fe9d355e 0.1s done
#9 DONE 0.1s

#10 [caddy-builder 1/2] FROM docker.io/library/caddy:2.11-builder-alpine@sha256:2b9f32cbba6045e79212bb253f595588d20be8f7d1edf61582c519e124e0d2d8
#10 resolve docker.io/library/caddy:2.11-builder-alpine@sha256:2b9f32cbba6045e79212bb253f595588d20be8f7d1edf61582c519e124e0d2d8 0.1s done
#10 DONE 0.1s

#7 [internal] load build context
#7 transferring context: 690.08kB 1.0s done
#7 DONE 1.2s

#11 [base 2/3] WORKDIR /app
#11 CACHED

#12 [base 3/3] RUN corepack enable pnpm
#12 CACHED

#13 [builder 1/3] RUN pnpm add -g turbo@2.9.18
#13 CACHED

#14 [builder 2/3] COPY . .
#14 DONE 4.3s

#15 [builder 3/3] RUN turbo prune --scope=admin --docker
#15 0.722  WARNING  --scope is deprecated and will be removed in a future major version. Use positional arguments instead (e.g. `turbo prune web`)
#15 0.913 Generating pruned monorepo for admin in /app/out
#15 0.929  - Added @plane/constants
#15 0.935  - Added @plane/hooks
#15 0.947  - Added @plane/services
#15 0.953  - Added @plane/tailwind-config
#15 0.973  - Added @plane/types
#15 0.979  - Added @plane/typescript-config
#15 0.996  - Added @plane/utils
#15 1.030  - Added admin
#15 DONE 1.2s

#16 [production 4/5] COPY apps/admin/caddy/Caddyfile /etc/caddy/Caddyfile
#16 CACHED

#17 [installer 2/8] COPY --from=builder /app/out/json/ .
#17 CACHED

#18 [installer 8/8] RUN pnpm turbo run build --filter=admin
#18 CACHED

#19 [production 2/5] RUN apk update && apk upgrade --no-cache && apk add --no-cache curl && rm -rf /var/cache/apk/*
#19 CACHED

#20 [caddy-builder 2/2] RUN xcaddy build     --with github.com/mholt/caddy-ratelimit
#20 CACHED

#21 [production 3/5] COPY --from=caddy-builder /usr/bin/caddy /usr/bin/caddy
#21 CACHED

#22 [installer 1/8] COPY .gitignore .gitignore
#22 CACHED

#23 [installer 3/8] COPY --from=builder /app/out/pnpm-lock.yaml ./pnpm-lock.yaml
#23 CACHED

#24 [installer 5/8] COPY turbo.json turbo.json
#24 CACHED

#25 [installer 6/8] RUN --mount=type=cache,id=pnpm-store,target=/pnpm/store pnpm fetch --store-dir=/pnpm/store
#25 CACHED

#26 [installer 4/8] COPY --from=builder /app/out/full/ .
#26 CACHED

#27 [installer 7/8] RUN --mount=type=cache,id=pnpm-store,target=/pnpm/store CI=true pnpm install --offline --frozen-lockfile --store-dir=/pnpm/store --prod=false
#27 CACHED

#28 [production 5/5] COPY --from=installer /app/apps/admin/build/client /usr/share/caddy/html/god-mode
#28 CACHED

#29 exporting to image
#29 exporting layers done
#29 exporting manifest sha256:7fdbdcba0df7376692eab98fd6328c7877411b6e76fdfca02994a98f19f305b2 done
#29 exporting config sha256:c5bee9b0e94403304794a0dcb7d365de9fb27a004683609e2a920bf47769efd0 done
#29 exporting attestation manifest sha256:47f29621d7d7ce1a5e3ddcc5b3de55b13ae2c572fb32be9fd61d974596b48c87 0.0s done
#29 exporting manifest list sha256:f6368e4c91871a241e4df2a29419d24cce38f7d8f04ee1671ef33ee7255b8b5a 0.0s done
#29 naming to docker.io/library/ten-fold-plane-admin:latest done
#29 unpacking to docker.io/library/ten-fold-plane-admin:latest 0.0s done
#29 DONE 0.1s

#30 resolving provenance for metadata file
#30 DONE 0.0s
 Image ten-fold-plane-admin Built 
 Image ten-fold-plane-web Building 
#1 [internal] load local bake definitions
#1 reading from stdin 1.22kB done
#1 DONE 0.0s

#2 [internal] load build definition from Dockerfile.web
#2 transferring dockerfile: 3.61kB done
#2 DONE 0.0s

#3 resolve image config for docker-image://docker.io/docker/dockerfile:1.7
#3 DONE 1.4s

#4 docker-image://docker.io/docker/dockerfile:1.7@sha256:a57df69d0ea827fb7266491f2813635de6f17269be881f696fbfdf2d83dda33e
#4 resolve docker.io/docker/dockerfile:1.7@sha256:a57df69d0ea827fb7266491f2813635de6f17269be881f696fbfdf2d83dda33e 0.0s done
#4 CACHED

#5 [internal] load metadata for docker.io/library/caddy:2.11-alpine
#5 ...

#6 [internal] load metadata for docker.io/library/node:22-alpine
#6 DONE 0.3s

#5 [internal] load metadata for docker.io/library/caddy:2.11-alpine
#5 DONE 0.4s

#7 [internal] load .dockerignore
#7 transferring context: 882B done
#7 DONE 0.0s

#8 [production 1/4] FROM docker.io/library/caddy:2.11-alpine@sha256:de23def33b17fb5d1290b0f6c2add1d70780e52341896c00a4c8a2a2fe9d355e
#8 resolve docker.io/library/caddy:2.11-alpine@sha256:de23def33b17fb5d1290b0f6c2add1d70780e52341896c00a4c8a2a2fe9d355e 0.0s done
#8 DONE 0.1s

#9 [base 1/2] FROM docker.io/library/node:22-alpine@sha256:b6f26b36c8ff49624cfdac716b8ea1138d606df02586a77d364bb5536a634f85
#9 resolve docker.io/library/node:22-alpine@sha256:b6f26b36c8ff49624cfdac716b8ea1138d606df02586a77d364bb5536a634f85 0.1s done
#9 DONE 0.1s

#10 [internal] load build context
#10 transferring context: 569.18kB 0.6s done
#10 DONE 0.7s

#11 [base 2/2] RUN corepack enable
#11 CACHED

#12 [installer  1/12] RUN apk add --no-cache libc6-compat
#12 CACHED

#13 [installer  2/12] WORKDIR /app
#13 CACHED

#14 [builder 3/5] RUN corepack enable pnpm && pnpm add -g turbo@2.9.18
#14 CACHED

#15 [builder 4/5] COPY . .
#15 DONE 4.0s

#16 [builder 5/5] RUN turbo prune --scope=web --docker
#16 0.563  WARNING  --scope is deprecated and will be removed in a future major version. Use positional arguments instead (e.g. `turbo prune web`)
#16 0.566 
#16 0.566 Attention:
#16 0.566 Turborepo now collects completely anonymous telemetry regarding usage.
#16 0.566 This information is used to shape the Turborepo roadmap and prioritize features.
#16 0.566 You can learn more, including how to opt-out if you'd not like to participate in this anonymous program, by visiting the following URL:
#16 0.566 https://turborepo.dev/docs/telemetry
#16 0.566 
#16 0.591 • turbo 2.9.18
#16 0.768 Generating pruned monorepo for web in /app/out
#16 0.787  - Added @plane/constants
#16 0.821  - Added @plane/editor
#16 0.827  - Added @plane/hooks
#16 0.910  - Added @plane/i18n
#16 0.972  - Added @plane/propel
#16 0.984  - Added @plane/services
#16 0.992  - Added @plane/shared-state
#16 0.997  - Added @plane/tailwind-config
#16 1.016  - Added @plane/types
#16 1.022  - Added @plane/typescript-config
#16 1.044  - Added @plane/ui
#16 1.061  - Added @plane/utils
#16 1.488  - Added web
#16 DONE 1.9s

#17 [installer  3/12] COPY .gitignore .gitignore
#17 CACHED

#18 [installer  4/12] COPY --from=builder /app/out/json/ .
#18 CACHED

#19 [installer  5/12] COPY --from=builder /app/out/pnpm-lock.yaml ./pnpm-lock.yaml
#19 CACHED

#20 [installer  6/12] RUN corepack enable pnpm
#20 CACHED

#21 [installer  7/12] COPY --from=builder /app/out/full/ .
#21 DONE 1.3s

#22 [installer  8/12] COPY --from=builder /app/apps/proxy/grist-custom.css ./apps/proxy/grist-custom.css
#22 DONE 0.1s

#23 [installer  9/12] COPY turbo.json turbo.json
#23 DONE 0.1s

#24 [installer 10/12] RUN --mount=type=cache,id=pnpm-store,target=/pnpm/store pnpm fetch --store-dir=/pnpm/store
#24 0.424 ! Corepack is about to download https://registry.npmjs.org/pnpm/-/pnpm-11.10.0.tgz
#24 3.465 ? Verifying lockfile against supply-chain policies (1713 entries)...
#24 3.489 Importing packages to virtual store
#24 4.428 Already up to date
#24 4.587 Progress: resolved 1, reused 0, downloaded 0, added 0
#24 5.595 Progress: resolved 1498, reused 30, downloaded 0, added 0
#24 6.618 Progress: resolved 1498, reused 69, downloaded 0, added 0
#24 7.628 Progress: resolved 1498, reused 109, downloaded 0, added 0
#24 8.649 Progress: resolved 1498, reused 157, downloaded 0, added 0
#24 9.654 Progress: resolved 1498, reused 200, downloaded 0, added 0
#24 10.67 Progress: resolved 1498, reused 252, downloaded 0, added 0
#24 11.72 Progress: resolved 1498, reused 270, downloaded 0, added 0
#24 12.73 Progress: resolved 1498, reused 293, downloaded 0, added 0
#24 13.75 Progress: resolved 1498, reused 329, downloaded 0, added 0
#24 14.79 Progress: resolved 1498, reused 357, downloaded 0, added 0
#24 15.80 Progress: resolved 1498, reused 380, downloaded 0, added 0
#24 16.81 Progress: resolved 1498, reused 415, downloaded 0, added 0
#24 17.88 Progress: resolved 1498, reused 456, downloaded 0, added 0
#24 18.88 [WARN] Request took 10277ms: https://registry.npmjs.org/@storybook%2Faddon-links
#24 18.97 Progress: resolved 1498, reused 504, downloaded 0, added 0
#24 19.78 [WARN] Request took 11113ms: https://registry.npmjs.org/@storybook%2Fbuilder-webpack5
#24 19.99 Progress: resolved 1498, reused 556, downloaded 0, added 0
#24 21.03 Progress: resolved 1498, reused 622, downloaded 0, added 0
#24 22.03 Progress: resolved 1498, reused 699, downloaded 0, added 0
#24 23.05 ✓ Lockfile passes supply-chain policies (1713 entries in 19.5s)
#24 23.06 Progress: resolved 1498, reused 708, downloaded 0, added 0
#24 24.06 Progress: resolved 1498, reused 1226, downloaded 0, added 0
#24 25.06 Progress: resolved 1498, reused 1492, downloaded 0, added 0
#24 26.06 Progress: resolved 1498, reused 1492, downloaded 0, added 50
#24 27.18 Progress: resolved 1498, reused 1492, downloaded 0, added 51
#24 28.18 Progress: resolved 1498, reused 1492, downloaded 0, added 69
#24 29.18 Progress: resolved 1498, reused 1492, downloaded 0, added 83
#24 30.19 Progress: resolved 1498, reused 1492, downloaded 0, added 117
#24 31.18 Progress: resolved 1498, reused 1492, downloaded 0, added 151
#24 32.18 Progress: resolved 1498, reused 1492, downloaded 0, added 192
#24 33.19 Progress: resolved 1498, reused 1492, downloaded 0, added 248
#24 34.19 Progress: resolved 1498, reused 1492, downloaded 0, added 265
#24 35.19 Progress: resolved 1498, reused 1492, downloaded 0, added 270
#24 36.99 Progress: resolved 1498, reused 1492, downloaded 0, added 271
#24 37.99 Progress: resolved 1498, reused 1492, downloaded 0, added 291
#24 38.99 Progress: resolved 1498, reused 1492, downloaded 0, added 318
#24 40.18 Progress: resolved 1498, reused 1492, downloaded 0, added 319
#24 41.23 Progress: resolved 1498, reused 1492, downloaded 0, added 374
#24 42.75 Progress: resolved 1498, reused 1492, downloaded 0, added 375
#24 43.75 Progress: resolved 1498, reused 1492, downloaded 0, added 503
#24 45.23 Progress: resolved 1498, reused 1492, downloaded 0, added 504
#24 46.24 Progress: resolved 1498, reused 1492, downloaded 0, added 505
#24 47.24 Progress: resolved 1498, reused 1492, downloaded 0, added 576
#24 48.24 Progress: resolved 1498, reused 1492, downloaded 0, added 602
#24 49.54 Progress: resolved 1498, reused 1492, downloaded 0, added 603
#24 50.54 Progress: resolved 1498, reused 1492, downloaded 0, added 675
#24 51.54 Progress: resolved 1498, reused 1492, downloaded 0, added 689
#24 52.55 Progress: resolved 1498, reused 1492, downloaded 0, added 694
#24 54.97 Progress: resolved 1498, reused 1492, downloaded 0, added 695
#24 55.97 Progress: resolved 1498, reused 1492, downloaded 0, added 702
#24 58.33 Progress: resolved 1498, reused 1492, downloaded 0, added 703
#24 60.41 Progress: resolved 1498, reused 1492, downloaded 0, added 704
#24 61.82 Progress: resolved 1498, reused 1492, downloaded 0, added 705
#24 63.21 Progress: resolved 1498, reused 1492, downloaded 0, added 706
#24 64.21 Progress: resolved 1498, reused 1492, downloaded 0, added 709
#24 65.88 Progress: resolved 1498, reused 1492, downloaded 0, added 710
#24 67.75 Progress: resolved 1498, reused 1492, downloaded 0, added 711
#24 68.75 Progress: resolved 1498, reused 1492, downloaded 0, added 749
#24 69.75 Progress: resolved 1498, reused 1492, downloaded 0, added 793
#24 70.76 Progress: resolved 1498, reused 1492, downloaded 0, added 817
#24 72.57 Progress: resolved 1498, reused 1492, downloaded 0, added 818
#24 73.57 Progress: resolved 1498, reused 1492, downloaded 0, added 824
#24 74.95 Progress: resolved 1498, reused 1492, downloaded 0, added 825
#24 75.95 Progress: resolved 1498, reused 1492, downloaded 0, added 853
#24 76.95 Progress: resolved 1498, reused 1492, downloaded 0, added 920
#24 77.95 Progress: resolved 1498, reused 1492, downloaded 0, added 1006
#24 78.95 Progress: resolved 1498, reused 1492, downloaded 0, added 1084
#24 79.95 Progress: resolved 1498, reused 1492, downloaded 0, added 1130
#24 80.95 Progress: resolved 1498, reused 1492, downloaded 0, added 1184
#24 81.95 Progress: resolved 1498, reused 1492, downloaded 0, added 1218
#24 82.96 Progress: resolved 1498, reused 1492, downloaded 0, added 1230
#24 83.96 Progress: resolved 1498, reused 1492, downloaded 0, added 1235
#24 84.96 Progress: resolved 1498, reused 1492, downloaded 0, added 1254
#24 85.96 Progress: resolved 1498, reused 1492, downloaded 0, added 1323
#24 86.96 Progress: resolved 1498, reused 1492, downloaded 0, added 1379
#24 87.96 Progress: resolved 1498, reused 1492, downloaded 0, added 1462
#24 88.26 Progress: resolved 1498, reused 1492, downloaded 0, added 1498, done
#24 88.31 .../node_modules/@swc/core postinstall$ node postinstall.js
#24 88.46 .../node_modules/@swc/core postinstall: Done
#24 89.14 
#24 DONE 89.5s

#25 [installer 11/12] RUN --mount=type=cache,id=pnpm-store,target=/pnpm/store CI=true pnpm install --offline --frozen-lockfile --store-dir=/pnpm/store
