=== Production deploy started: 2026-09-20T11:04:37+08:00 ===
Commit: 6a7417ba493f1d15390b7894c359d0aff82d034a
Working tree:
?? " 2026-09-20T11:02:57+08:00"
?? 0
?? "\\n=== Production deploy finished: %s (exit=%s, elapsed=%sm %ss) ===\\nLog: %s\\n"
?? deploy-20260920-101347.log
?? deploy-20260920-110437.log
?? docs/superpowers/plans/2026-09-20-personal-sidebar-pinning.md
?? elapsed=94
?? exit
?? printf
?? status=0
Deploying checkout: /home/rahimin_amin/ten-fold-plane/ten-fold-plane
Checkout commit: 6a7417ba49
Source fingerprint: 001a4f0aa03292b58965e110f14867c7abcfa60b3a3062722f089e0fe9cdfa57
Uploading Ten-Fold to root@178.128.104.112:/opt/plane/app/ten-fold-plane...
Uploaded source matches local checkout.
Rebuilding and migrating Plane on the Droplet...
 Image gristlabs/grist:1.7.16 Pulling 
 Image gristlabs/grist:1.7.16 Pulled 
 Container ten-fold-plane-grist-1 Recreate 
 Container ten-fold-plane-grist-1 Recreated 
 Container ten-fold-plane-grist-1 Starting 
 Container ten-fold-plane-grist-1 Started 
 Container ten-fold-plane-grist-1 Waiting 
 Container ten-fold-plane-grist-1 Healthy 
 Container plane-db Running 
 Container plane-redis Running 
#1 [internal] load local bake definitions
 Image ten-fold-plane-migrator Building 
#1 reading from stdin 610B done
#1 DONE 0.0s

#2 [internal] load build definition from Dockerfile.api
#2 transferring dockerfile: 1.30kB done
#2 DONE 0.0s

#3 [internal] load metadata for docker.io/library/python:3.12.10-alpine
#3 DONE 1.4s

#4 [internal] load .dockerignore
#4 transferring context: 2B done
#4 DONE 0.0s

#5 [ 1/17] FROM docker.io/library/python:3.12.10-alpine@sha256:4bbf5ef9ce4b273299d394de268ad6018e10a9375d7efc7c2ce9501a6eb6b86c
#5 resolve docker.io/library/python:3.12.10-alpine@sha256:4bbf5ef9ce4b273299d394de268ad6018e10a9375d7efc7c2ce9501a6eb6b86c 0.0s done
#5 DONE 0.0s

#6 [internal] load build context
#6 transferring context: 109.81kB 0.1s done
#6 DONE 0.1s

#7 [ 6/17] COPY requirements ./requirements
#7 CACHED

#8 [ 2/17] RUN apk update && apk upgrade
#8 CACHED

#9 [ 3/17] WORKDIR /code
#9 CACHED

#10 [ 4/17] RUN apk add --no-cache --upgrade     "libpq"     "libxslt"     "xmlsec"     "ca-certificates"     "openssl"
#10 CACHED

#11 [ 8/17] RUN apk add --no-cache --virtual .build-deps     "bash~=5.2"     "g++"     "gcc"     "cargo"     "git"     "make"     "postgresql-dev"     "libc-dev"     "linux-headers"     &&     pip install -r requirements.txt --compile --no-cache-dir     &&     apk del .build-deps     &&     rm -rf /var/cache/apk/*
#11 CACHED

#12 [ 7/17] RUN apk add --no-cache libffi-dev
#12 CACHED

#13 [ 5/17] COPY requirements.txt ./
#13 CACHED

#14 [ 9/17] COPY manage.py manage.py
#14 CACHED

#15 [10/17] COPY plane plane/
#15 DONE 0.7s

#16 [11/17] COPY templates templates/
#16 DONE 0.1s

#17 [12/17] COPY package.json package.json
#17 DONE 0.1s

#18 [13/17] RUN apk --no-cache add "bash~=5.2"
#18 0.406 fetch https://dl-cdn.alpinelinux.org/alpine/v3.22/main/x86_64/APKINDEX.tar.gz
#18 0.581 fetch https://dl-cdn.alpinelinux.org/alpine/v3.22/community/x86_64/APKINDEX.tar.gz
#18 1.411 (1/1) Installing bash (5.2.37-r0)
#18 1.435 Executing bash-5.2.37-r0.post-install
#18 1.451 Executing busybox-1.37.0-r20.trigger
#18 1.483 OK: 24 MiB in 48 packages
#18 DONE 1.8s

#19 [14/17] COPY ./bin ./bin/
#19 DONE 0.1s

#20 [15/17] RUN mkdir -p /code/plane/logs
#20 DONE 0.3s

#21 [16/17] RUN chmod +x ./bin/*
#21 DONE 0.3s

#22 [17/17] RUN chmod -R 777 /code
#22 DONE 3.6s

#23 exporting to image
#23 exporting layers
#23 exporting layers 1.1s done
#23 exporting manifest sha256:4f5184663dc37b11cf2cf03925d10b8bb270c8373b3acb6acc88aebbaee29339
#23 exporting manifest sha256:4f5184663dc37b11cf2cf03925d10b8bb270c8373b3acb6acc88aebbaee29339 0.0s done
#23 exporting config sha256:0a639d02d7a0e95d5867da9631f319749084332371b2828d3e801cf061ebf0fc 0.0s done
#23 exporting attestation manifest sha256:a33579e396fc9eaa82cd459be1cb72d6a83a6c2e0344bc45a96afc4a363857b0 0.0s done
#23 exporting manifest list sha256:d943c99e8fe43edfc04c6b8573feb215331d0bd6cc56f45cb1a56b182f5c7f47 0.0s done
#23 naming to docker.io/library/ten-fold-plane-migrator:latest done
#23 unpacking to docker.io/library/ten-fold-plane-migrator:latest
#23 unpacking to docker.io/library/ten-fold-plane-migrator:latest 0.9s done
#23 DONE 2.2s

#24 resolving provenance for metadata file
#24 DONE 0.0s
 Image ten-fold-plane-migrator Built 
 Container ten-fold-plane-migrator-run-e1f8969d13cc Creating 
 Container ten-fold-plane-migrator-run-e1f8969d13cc Created 
Waiting for database...
Database available!
Operations to perform:
  Apply all migrations: auth, contenttypes, db, django_celery_beat, license, sessions
Running migrations:
  Applying db.0129_reset_personal_sidebar_pins... OK
 Image ten-fold-plane-admin Building 
#1 [internal] load local bake definitions
#1 reading from stdin 1.72kB done
#1 DONE 0.0s

#2 [internal] load build definition from Dockerfile.admin
#2 transferring dockerfile: 3.20kB done
#2 DONE 0.0s

#3 [internal] load metadata for docker.io/library/caddy:2.11-builder-alpine
#3 ...

#4 [internal] load metadata for docker.io/library/node:22-alpine
#4 DONE 1.4s

#3 [internal] load metadata for docker.io/library/caddy:2.11-builder-alpine
#3 DONE 1.4s

#5 [internal] load metadata for docker.io/library/caddy:2.11-alpine
#5 DONE 1.4s

#6 [internal] load .dockerignore
#6 transferring context: 882B done
#6 DONE 0.0s

#7 [internal] load build context
#7 DONE 0.0s

#8 [caddy-builder 1/2] FROM docker.io/library/caddy:2.11-builder-alpine@sha256:2b9f32cbba6045e79212bb253f595588d20be8f7d1edf61582c519e124e0d2d8
#8 resolve docker.io/library/caddy:2.11-builder-alpine@sha256:2b9f32cbba6045e79212bb253f595588d20be8f7d1edf61582c519e124e0d2d8 0.0s done
#8 DONE 0.1s

#9 [base 1/3] FROM docker.io/library/node:22-alpine@sha256:b6f26b36c8ff49624cfdac716b8ea1138d606df02586a77d364bb5536a634f85
#9 resolve docker.io/library/node:22-alpine@sha256:b6f26b36c8ff49624cfdac716b8ea1138d606df02586a77d364bb5536a634f85
#9 resolve docker.io/library/node:22-alpine@sha256:b6f26b36c8ff49624cfdac716b8ea1138d606df02586a77d364bb5536a634f85 0.1s done
#9 DONE 0.1s

#10 [production 1/5] FROM docker.io/library/caddy:2.11-alpine@sha256:de23def33b17fb5d1290b0f6c2add1d70780e52341896c00a4c8a2a2fe9d355e
#10 resolve docker.io/library/caddy:2.11-alpine@sha256:de23def33b17fb5d1290b0f6c2add1d70780e52341896c00a4c8a2a2fe9d355e 0.1s done
#10 DONE 0.1s

#7 [internal] load build context
#7 transferring context: 947.77kB 1.1s done
#7 DONE 1.1s

#11 [base 2/3] WORKDIR /app
#11 CACHED

#12 [base 3/3] RUN corepack enable pnpm
#12 CACHED

#13 [builder 1/3] RUN pnpm add -g turbo@2.9.18
#13 CACHED

#14 [builder 2/3] COPY . .
#14 DONE 2.1s

#15 [builder 3/3] RUN turbo prune --scope=admin --docker
#15 0.744  WARNING  --scope is deprecated and will be removed in a future major version. Use positional arguments instead (e.g. `turbo prune web`)
#15 0.956 Generating pruned monorepo for admin in /app/out
#15 0.974  - Added @plane/constants
#15 0.981  - Added @plane/hooks
#15 0.994  - Added @plane/services
#15 1.000  - Added @plane/tailwind-config
#15 1.021  - Added @plane/types
#15 1.028  - Added @plane/typescript-config
#15 1.046  - Added @plane/utils
#15 1.079  - Added admin
#15 DONE 1.2s

#16 [installer 1/8] COPY .gitignore .gitignore
#16 CACHED

#17 [installer 2/8] COPY --from=builder /app/out/json/ .
#17 CACHED

#18 [installer 3/8] COPY --from=builder /app/out/pnpm-lock.yaml ./pnpm-lock.yaml
#18 CACHED

#19 [installer 4/8] COPY --from=builder /app/out/full/ .
#19 DONE 0.2s

#20 [installer 5/8] COPY turbo.json turbo.json
#20 DONE 0.1s

#21 [installer 6/8] RUN --mount=type=cache,id=pnpm-store,target=/pnpm/store pnpm fetch --store-dir=/pnpm/store
#21 0.432 ! Corepack is about to download https://registry.npmjs.org/pnpm/-/pnpm-11.10.0.tgz
#21 3.729 ? Verifying lockfile against supply-chain policies (850 entries)...
#21 3.752 Importing packages to virtual store
#21 4.459 Already up to date
#21 4.583 Progress: resolved 1, reused 0, downloaded 0, added 0
#21 5.589 Progress: resolved 661, reused 29, downloaded 0, added 0
#21 6.611 Progress: resolved 661, reused 57, downloaded 0, added 0
#21 7.634 Progress: resolved 661, reused 84, downloaded 0, added 0
#21 8.643 Progress: resolved 661, reused 123, downloaded 0, added 0
#21 9.697 Progress: resolved 661, reused 156, downloaded 0, added 0
#21 10.71 Progress: resolved 661, reused 195, downloaded 0, added 0
#21 11.72 Progress: resolved 661, reused 229, downloaded 0, added 0
#21 12.72 Progress: resolved 661, reused 276, downloaded 0, added 0
#21 13.76 Progress: resolved 661, reused 296, downloaded 0, added 0
#21 14.79 Progress: resolved 661, reused 393, downloaded 0, added 0
#21 15.67 ✓ Lockfile passes supply-chain policies (850 entries in 11.9s)
#21 15.79 Progress: resolved 661, reused 644, downloaded 0, added 0
#21 16.79 Progress: resolved 661, reused 659, downloaded 0, added 50
#21 17.82 Progress: resolved 661, reused 659, downloaded 0, added 51
#21 18.82 Progress: resolved 661, reused 659, downloaded 0, added 67
#21 19.82 Progress: resolved 661, reused 659, downloaded 0, added 83
#21 20.82 Progress: resolved 661, reused 659, downloaded 0, added 84
#21 21.82 Progress: resolved 661, reused 659, downloaded 0, added 124
#21 22.82 Progress: resolved 661, reused 659, downloaded 0, added 151
#21 23.82 Progress: resolved 661, reused 659, downloaded 0, added 230
#21 24.82 Progress: resolved 661, reused 659, downloaded 0, added 250
#21 25.82 Progress: resolved 661, reused 659, downloaded 0, added 264
#21 29.22 Progress: resolved 661, reused 659, downloaded 0, added 265
#21 30.22 Progress: resolved 661, reused 659, downloaded 0, added 272
#21 31.22 Progress: resolved 661, reused 659, downloaded 0, added 276
#21 32.58 Progress: resolved 661, reused 659, downloaded 0, added 277
#21 33.64 Progress: resolved 661, reused 659, downloaded 0, added 278
#21 35.07 Progress: resolved 661, reused 659, downloaded 0, added 279
#21 36.07 Progress: resolved 661, reused 659, downloaded 0, added 281
#21 37.07 Progress: resolved 661, reused 659, downloaded 0, added 286
#21 39.32 Progress: resolved 661, reused 659, downloaded 0, added 287
#21 40.32 Progress: resolved 661, reused 659, downloaded 0, added 288
#21 42.28 Progress: resolved 661, reused 659, downloaded 0, added 289
#21 43.28 Progress: resolved 661, reused 659, downloaded 0, added 290
#21 44.28 Progress: resolved 661, reused 659, downloaded 0, added 297
#21 45.28 Progress: resolved 661, reused 659, downloaded 0, added 298
#21 46.67 Progress: resolved 661, reused 659, downloaded 0, added 299
#21 47.67 Progress: resolved 661, reused 659, downloaded 0, added 397
#21 48.67 Progress: resolved 661, reused 659, downloaded 0, added 416
#21 49.67 Progress: resolved 661, reused 659, downloaded 0, added 509
#21 50.67 Progress: resolved 661, reused 659, downloaded 0, added 556
#21 51.67 Progress: resolved 661, reused 659, downloaded 0, added 644
#21 51.85 Progress: resolved 661, reused 659, downloaded 0, added 661, done
#21 52.12 
#21 DONE 52.7s

#22 [installer 7/8] RUN --mount=type=cache,id=pnpm-store,target=/pnpm/store CI=true pnpm install --offline --frozen-lockfile --store-dir=/pnpm/store --prod=false
#22 3.134 Scope: all 9 workspace projects
#22 3.397 ✓ Lockfile passes supply-chain policies (verified 40s ago)
#22 3.409 Lockfile is up to date, resolution step is skipped
#22 3.778 Already up to date
#22 6.220 
#22 6.220 devDependencies:
#22 6.220 + husky 9.1.7
#22 6.220 + lint-staged 16.2.7
#22 6.220 + oxfmt 0.35.0
#22 6.220 + oxlint 1.51.0
#22 6.220 + react-doctor 0.4.2
#22 6.220 + turbo 2.10.11
#22 6.220 
#22 6.254 . prepare$ husky
#22 6.410 . prepare: .git can't be found
#22 6.413 . prepare: Done
#22 6.726 Done in 4.8s using pnpm v11.10.0
#22 DONE 7.0s

#23 [installer 8/8] RUN pnpm turbo run build --filter=admin
#23 1.938 
#23 1.938    • Packages in scope: admin
#23 1.938    • Running build in 1 packages
#23 1.938    • Remote caching disabled
#23 1.938 
#23 2.199 @plane/types:build: cache miss, executing 16c61a7421a75478
#23 2.199 @plane/hooks:build: cache miss, executing d0aef673d47062f7
#23 3.612 @plane/hooks:build: $ tsdown
#23 3.798 @plane/types:build: $ tsdown
#23 3.933 @plane/hooks:build: [34mℹ[39m tsdown [2mv0.16.0[22m powered by rolldown [2mv1.0.0-beta.46[22m
#23 4.060 @plane/types:build: [34mℹ[39m tsdown [2mv0.16.0[22m powered by rolldown [2mv1.0.0-beta.46[22m
#23 4.356 @plane/hooks:build: [34mℹ[39m Using tsdown config: [4m/app/packages/hooks/tsdown.config.ts[24m
#23 4.375 @plane/types:build: [34mℹ[39m Using tsdown config: [4m/app/packages/types/tsdown.config.ts[24m
#23 4.376 @plane/hooks:build: [34mℹ[39m entry: [34msrc/index.ts[39m
#23 4.378 @plane/hooks:build: [34mℹ[39m tsconfig: [34mtsconfig.json[39m
#23 4.380 @plane/hooks:build: [34mℹ[39m Build start
#23 4.404 @plane/types:build: [34mℹ[39m entry: [34msrc/index.ts[39m
#23 4.409 @plane/types:build: [34mℹ[39m tsconfig: [34mtsconfig.json[39m
#23 4.411 @plane/types:build: [34mℹ[39m Build start
#23 13.78 @plane/hooks:build: [34mℹ[39m [2mdist/[22m[1mindex.js[22m        [2m 5.82 kB[22m [2m│ gzip: 1.93 kB[22m
#23 13.78 @plane/hooks:build: [34mℹ[39m [2mdist/[22mindex.js.map    [2m11.13 kB[22m [2m│ gzip: 3.57 kB[22m
#23 13.78 @plane/hooks:build: [34mℹ[39m [2mdist/[22mindex.d.ts.map  [2m 0.66 kB[22m [2m│ gzip: 0.39 kB[22m
#23 13.78 @plane/hooks:build: [34mℹ[39m [2mdist/[22m[32m[1mindex.d.ts[22m[39m      [2m 2.00 kB[22m [2m│ gzip: 0.80 kB[22m
#23 13.78 @plane/hooks:build: [34mℹ[39m 4 files, total: 19.61 kB
#23 13.79 @plane/hooks:build: [32m✔[39m Build complete in [32m9408ms[39m
#23 14.84 @plane/types:build: [34mℹ[39m [2mdist/[22m[1mindex.mjs[22m        [2m 16.84 kB[22m [2m│ gzip:  3.67 kB[22m
#23 14.85 @plane/types:build: [34mℹ[39m [2mdist/[22mindex.d.mts.map  [2m 89.23 kB[22m [2m│ gzip: 29.36 kB[22m
#23 14.85 @plane/types:build: [34mℹ[39m [2mdist/[22mindex.mjs.map    [2m 65.53 kB[22m [2m│ gzip: 13.53 kB[22m
#23 14.85 @plane/types:build: [34mℹ[39m [2mdist/[22m[32m[1mindex.d.mts[22m[39m      [2m146.98 kB[22m [2m│ gzip: 28.71 kB[22m
#23 14.85 @plane/types:build: [34mℹ[39m 4 files, total: 318.56 kB
#23 14.85 @plane/types:build: [32m✔[39m Build complete in [32m10433ms[39m
#23 14.99 @plane/constants:build: cache miss, executing 4a521265da9d6995
#23 16.39 @plane/constants:build: $ tsdown
#23 16.62 @plane/constants:build: [34mℹ[39m tsdown [2mv0.16.0[22m powered by rolldown [2mv1.0.0-beta.46[22m
#23 16.94 @plane/constants:build: [34mℹ[39m Using tsdown config: [4m/app/packages/constants/tsdown.config.ts[24m
#23 16.96 @plane/constants:build: [34mℹ[39m entry: [34msrc/index.ts[39m
#23 16.97 @plane/constants:build: [34mℹ[39m tsconfig: [34mtsconfig.json[39m
#23 16.97 @plane/constants:build: [34mℹ[39m Build start
#23 22.53 @plane/constants:build: [34mℹ[39m [2mdist/[22m[1mindex.mjs[22m        [2m108.95 kB[22m [2m│ gzip: 21.94 kB[22m
#23 22.53 @plane/constants:build: [34mℹ[39m [2mdist/[22mindex.mjs.map    [2m176.20 kB[22m [2m│ gzip: 30.67 kB[22m
#23 22.53 @plane/constants:build: [34mℹ[39m [2mdist/[22mindex.d.mts.map  [2m 24.27 kB[22m [2m│ gzip:  8.83 kB[22m
#23 22.53 @plane/constants:build: [34mℹ[39m [2mdist/[22m[32m[1mindex.d.mts[22m[39m      [2m 52.02 kB[22m [2m│ gzip: 11.44 kB[22m
#23 22.53 @plane/constants:build: [34mℹ[39m 4 files, total: 361.43 kB
#23 22.53 @plane/constants:build: [32m✔[39m Build complete in [32m5561ms[39m
#23 22.63 @plane/utils:build: cache miss, executing d1a5a6b465eac32f
#23 22.63 @plane/services:build: cache miss, executing 8cd608cd5ab2cfbc
#23 24.25 @plane/services:build: $ tsdown
#23 24.37 @plane/utils:build: $ tsdown
#23 24.58 @plane/services:build: [34mℹ[39m tsdown [2mv0.16.0[22m powered by rolldown [2mv1.0.0-beta.46[22m
#23 24.63 @plane/utils:build: [34mℹ[39m tsdown [2mv0.16.0[22m powered by rolldown [2mv1.0.0-beta.46[22m
#23 24.87 @plane/services:build: [34mℹ[39m Using tsdown config: [4m/app/packages/services/tsdown.config.ts[24m
#23 24.87 @plane/utils:build: [34mℹ[39m Using tsdown config: [4m/app/packages/utils/tsdown.config.ts[24m
#23 24.89 @plane/utils:build: [34mℹ[39m entry: [34msrc/index.ts[39m
#23 24.89 @plane/utils:build: [34mℹ[39m tsconfig: [34mtsconfig.json[39m
#23 24.89 @plane/utils:build: [34mℹ[39m Build start
#23 24.89 @plane/services:build: [34mℹ[39m entry: [34msrc/index.ts[39m
#23 24.90 @plane/services:build: [34mℹ[39m tsconfig: [34mtsconfig.json[39m
#23 24.90 @plane/services:build: [34mℹ[39m Build start
#23 33.49 @plane/services:build: [34mℹ[39m [2mdist/[22m[1mindex.js[22m        [2m 97.92 kB[22m [2m│ gzip: 11.24 kB[22m
#23 33.49 @plane/services:build: [34mℹ[39m [2mdist/[22mindex.js.map    [2m154.04 kB[22m [2m│ gzip: 17.93 kB[22m
#23 33.49 @plane/services:build: [34mℹ[39m [2mdist/[22mindex.d.ts.map  [2m 21.01 kB[22m [2m│ gzip:  5.70 kB[22m
#23 33.49 @plane/services:build: [34mℹ[39m [2mdist/[22m[32m[1mindex.d.ts[22m[39m      [2m 70.26 kB[22m [2m│ gzip:  9.05 kB[22m
#23 33.49 @plane/services:build: [34mℹ[39m 4 files, total: 343.23 kB
#23 33.50 @plane/services:build: [32m✔[39m Build complete in [32m8597ms[39m
#23 42.90 @plane/utils:build: [34mℹ[39m [2mdist/[22m[1mindex.js[22m        [2m220.02 kB[22m [2m│ gzip: 55.20 kB[22m
#23 42.90 @plane/utils:build: [34mℹ[39m [2mdist/[22mindex.js.map    [2m400.12 kB[22m [2m│ gzip: 88.79 kB[22m
#23 42.90 @plane/utils:build: [34mℹ[39m [2mdist/[22mindex.d.ts.map  [2m 43.35 kB[22m [2m│ gzip: 14.47 kB[22m
#23 42.90 @plane/utils:build: [34mℹ[39m [2mdist/[22m[32m[1mindex.d.ts[22m[39m      [2m117.11 kB[22m [2m│ gzip: 27.19 kB[22m
#23 42.90 @plane/utils:build: [34mℹ[39m 4 files, total: 780.60 kB
#23 42.91 @plane/utils:build: [32m✔[39m Build complete in [32m18014ms[39m
#23 43.05 admin:build: cache miss, executing 58c6c9cefe2dfda5
#23 44.47 admin:build: $ react-router build
#23 53.38 admin:build: [33mThe plugin "vite-tsconfig-paths" is detected. Vite now supports tsconfig paths resolution natively via the [1mresolve.tsconfigPaths[22m option. You can remove the plugin and set [1mresolve.tsconfigPaths: true[22m in your Vite config instead.[39m
#23 53.54 admin:build: [33mThe plugin "vite-tsconfig-paths" is detected. Vite now supports tsconfig paths resolution natively via the [1mresolve.tsconfigPaths[22m option. You can remove the plugin and set [1mresolve.tsconfigPaths: true[22m in your Vite config instead.[39m
#23 53.89 admin:build: (node:380) [MODULE_TYPELESS_PACKAGE_JSON] Warning: Module type of file:///app/packages/tailwind-config/postcss.config.js is not specified and it doesn't parse as CommonJS.
#23 53.89 admin:build: Reparsing as ES module because module syntax was detected. This incurs a performance overhead.
#23 53.89 admin:build: To eliminate this warning, add "type": "module" to /app/packages/tailwind-config/package.json.
#23 53.89 admin:build: (Use `node --trace-warnings ...` to show where the warning was created)
#23 53.91 admin:build: Using Vite Environment API
#23 53.92 admin:build: [36mvite v8.0.16 [32mbuilding client environment for production...[36m[39m
#23 74.17 admin:build: [2Kadmin:build: transforming...✓ 7148 modules transformed.
#23 74.53 admin:build: rendering chunks...
#23 74.98 admin:build: computing gzip size...
#23 75.01 admin:build: build/client/assets/favicon-16x16-B_Opgp1K.png                                  0.46 kB
#23 75.01 admin:build: build/client/assets/google-logo-r0ky5Kfn.svg                                    0.74 kB │ gzip:  0.43 kB
#23 75.01 admin:build: build/client/assets/favicon-32x32-cfWXc3P9.png                                  0.76 kB
#23 75.01 admin:build: build/client/assets/gitlab-logo-BL2xQyij.svg                                    1.06 kB │ gzip:  0.47 kB
#23 75.01 admin:build: build/client/assets/gitea-logo-BAYfzmEl.svg                                     2.13 kB │ gzip:  1.04 kB
#23 75.01 admin:build: build/client/assets/takeoff-icon-dark-EbV9jX7-.svg                              2.98 kB │ gzip:  0.99 kB
#23 75.01 admin:build: build/client/assets/takeoff-icon-light-2XLBscmc.svg                             3.15 kB │ gzip:  1.07 kB
#23 75.01 admin:build: build/client/assets/instance-failure-C1aRKNan.svg                               4.10 kB │ gzip:  1.27 kB
#23 75.01 admin:build: build/client/assets/instance-failure-dark-DE7I22mw.svg                          4.10 kB │ gzip:  1.27 kB
#23 75.01 admin:build: build/client/assets/404-DWCFZzXK.svg                                            5.42 kB │ gzip:  1.58 kB
#23 75.01 admin:build: build/client/assets/ibm-plex-mono-vietnamese-400-normal-DDuiU_S-.woff           5.62 kB
#23 75.01 admin:build: build/client/assets/ibm-plex-mono-cyrillic-ext-400-normal-DMdlQ8Kv.woff         5.82 kB
#23 75.01 admin:build: build/client/assets/ibm-plex-mono-vietnamese-400-normal-BulugwFq.woff2          5.86 kB
#23 75.01 admin:build: build/client/assets/apple-touch-icon-BmADsVmV.png                               6.29 kB
#23 75.01 admin:build: build/client/assets/ibm-plex-mono-cyrillic-ext-400-normal-xuaO2J-f.woff2        6.91 kB
#23 75.01 admin:build: build/client/assets/ibm-plex-mono-cyrillic-400-normal-CEL4l2ZJ.woff             7.20 kB
#23 75.01 admin:build: build/client/assets/ibm-plex-mono-cyrillic-400-normal-BSMlKf0J.woff2            8.35 kB
#23 75.01 admin:build: build/client/assets/inter-vietnamese-wght-normal-CBcvBZtf.woff2                10.25 kB
#23 75.01 admin:build: build/client/assets/inter-greek-ext-wght-normal-DlzME5K_.woff2                 11.23 kB
#23 75.01 admin:build: build/client/assets/ibm-plex-mono-latin-ext-400-normal-D3D2R8hC.woff           11.76 kB
#23 75.01 admin:build: build/client/assets/ibm-plex-mono-latin-400-normal-CvHOgSBP.woff               13.14 kB
#23 75.01 admin:build: build/client/assets/ibm-plex-mono-latin-ext-400-normal-BmRBH3aV.woff2          13.34 kB
#23 75.01 admin:build: build/client/assets/github-black-DmZ70PA_.png                                  14.03 kB
#23 75.01 admin:build: build/client/assets/ibm-plex-mono-latin-400-normal-DMJ8VG8y.woff2              14.70 kB
#23 75.01 admin:build: build/client/assets/favicon-DJlV-mcI.ico                                       15.40 kB
#23 75.01 admin:build: build/client/assets/github-white-BwRnG8jn.png                                  16.55 kB
#23 75.01 admin:build: build/client/assets/inter-cyrillic-wght-normal-DqGufNeO.woff2                  18.74 kB
#23 75.01 admin:build: build/client/assets/inter-greek-wght-normal-CkhJZR-_.woff2                     18.99 kB
#23 75.01 admin:build: build/client/assets/inter-cyrillic-ext-wght-normal-BOeWTOD4.woff2              25.96 kB
#23 75.01 admin:build: build/client/.vite/manifest.json                                               35.30 kB │ gzip:  3.50 kB
#23 75.01 admin:build: build/client/assets/inter-latin-wght-normal-Dx4kXJAl.woff2                     48.25 kB
#23 75.01 admin:build: build/client/assets/inter-latin-ext-wght-normal-DO1Apj_S.woff2                 85.06 kB
#23 75.01 admin:build: build/client/assets/material-symbols-rounded-latin-400-normal-BVRwnNJJ.woff2  348.77 kB
#23 75.01 admin:build: build/client/assets/material-symbols-rounded-latin-100-normal-StOoOijZ.woff2  363.56 kB
#23 75.01 admin:build: build/client/assets/material-symbols-rounded-latin-300-normal-CGYRw1-j.woff2  388.05 kB
#23 75.01 admin:build: build/client/assets/material-symbols-rounded-latin-200-normal-Dy_97ylg.woff2  389.09 kB
#23 75.01 admin:build: build/client/assets/logo-spinner-light-DmBc4A-4.gif                           427.96 kB
#23 75.01 admin:build: build/client/assets/material-symbols-rounded-latin-400-normal-3TtrvaAx.woff   454.56 kB
#23 75.01 admin:build: build/client/assets/material-symbols-rounded-latin-100-normal-CyR9BGN8.woff   485.69 kB
#23 75.01 admin:build: build/client/assets/material-symbols-rounded-latin-300-normal-CexQLkYr.woff   506.70 kB
#23 75.01 admin:build: build/client/assets/material-symbols-rounded-latin-200-normal-B9_93z2O.woff   507.90 kB
#23 75.01 admin:build: build/client/assets/logo-spinner-dark-Cc1AqekO.gif                            976.39 kB
#23 75.01 admin:build: build/client/assets/root-CUojeknF.css                                           7.43 kB │ gzip:  1.56 kB
#23 75.01 admin:build: build/client/assets/globals-C3o653-Q.css                                      170.03 kB │ gzip: 24.64 kB
#23 75.01 admin:build: build/client/assets/gitea-logo-DdPv11Sq.js                                      0.06 kB │ gzip:  0.08 kB
#23 75.01 admin:build: build/client/assets/gitlab-logo-DnQSTEsU.js                                     0.06 kB │ gzip:  0.08 kB
#23 75.01 admin:build: build/client/assets/google-logo-DYoMaRvI.js                                     0.06 kB │ gzip:  0.08 kB
#23 75.01 admin:build: build/client/assets/check-BWNxUAFv.js                                           0.11 kB │ gzip:  0.13 kB
#23 75.01 admin:build: build/client/assets/github-white-BqeZC1wr.js                                    0.11 kB │ gzip:  0.10 kB
#23 75.01 admin:build: build/client/assets/useValueChanged-bgNJoRP4.js                                 0.22 kB │ gzip:  0.19 kB
#23 75.01 admin:build: build/client/assets/link-DbbAcIUU.js                                            0.26 kB │ gzip:  0.20 kB
#23 75.01 admin:build: build/client/assets/helper-C6C1ZCJ7.js                                          0.35 kB │ gzip:  0.25 kB
#23 75.01 admin:build: build/client/assets/logo-spinner-CIKdNuJP.js                                    0.41 kB │ gzip:  0.29 kB
#23 75.01 admin:build: build/client/assets/navigation-BlP5z0dJ.js                                      0.45 kB │ gzip:  0.30 kB
#23 75.01 admin:build: build/client/assets/close-outline-D63gA3td.js                                   0.46 kB │ gzip:  0.33 kB
#23 75.01 admin:build: build/client/assets/layout-DHBDDTtj.js                                          0.50 kB │ gzip:  0.37 kB
#23 75.01 admin:build: build/client/assets/useAriaLabelledBy-BR58rhu8.js                               0.57 kB │ gzip:  0.38 kB
#23 75.01 admin:build: build/client/assets/skeleton-Q9wMFoLi.js                                        0.58 kB │ gzip:  0.35 kB
#23 75.01 admin:build: build/client/assets/useTransitionStatus-B1Cn_QXN.js                             0.71 kB │ gzip:  0.37 kB
#23 75.01 admin:build: build/client/assets/authentication-method-card-gEC72W8Y.js                      0.93 kB │ gzip:  0.46 kB
#23 75.01 admin:build: build/client/assets/page-wrapper-DGP-TbZH.js                                    1.02 kB │ gzip:  0.49 kB
#23 75.01 admin:build: build/client/assets/404-bOjVHMs2.js                                             1.17 kB │ gzip:  0.62 kB
#23 75.01 admin:build: build/client/assets/controller-input-G2xFgPQf.js                                1.24 kB │ gzip:  0.59 kB
#23 75.01 admin:build: build/client/assets/monitor-outline-mJDbeTdR.js                                 1.43 kB │ gzip:  0.76 kB
#23 75.01 admin:build: build/client/assets/anchor-button-CSG9v4wL.js                                   1.60 kB │ gzip:  0.72 kB
#23 75.01 admin:build: build/client/assets/button-Bw3PC6il.js                                          1.76 kB │ gzip:  0.73 kB
#23 75.01 admin:build: build/client/assets/page-BfOrEq8V.js                                            2.23 kB │ gzip:  1.16 kB
#23 75.01 admin:build: build/client/assets/useLabelableId-BEGbWIxe.js                                  2.41 kB │ gzip:  1.16 kB
#23 75.01 admin:build: build/client/assets/show-outline-B3O-iLsw.js                                    2.53 kB │ gzip:  1.13 kB
#23 75.01 admin:build: build/client/assets/dist-DzF4Vrwp.js                                            3.28 kB │ gzip:  1.45 kB
#23 75.01 admin:build: build/client/assets/settings-outline-DgXOv6Rt.js                                3.33 kB │ gzip:  1.45 kB
#23 75.01 admin:build: build/client/assets/react-dom-ql0OLl_X.js                                       3.54 kB │ gzip:  1.34 kB
#23 75.01 admin:build: build/client/assets/store-D0-qMsfK.js                                           4.18 kB │ gzip:  1.93 kB
#23 75.01 admin:build: build/client/assets/switch-CBdPBcgs.js                                          4.27 kB │ gzip:  1.98 kB
#23 75.01 admin:build: build/client/assets/input-DtiFvGOR.js                                           4.31 kB │ gzip:  1.67 kB
#23 75.01 admin:build: build/client/assets/page-D349iEre.js                                            4.58 kB │ gzip:  1.81 kB
#23 75.01 admin:build: build/client/assets/page-Dz8dpfyU.js                                            4.94 kB │ gzip:  2.21 kB
#23 75.01 admin:build: build/client/assets/page-uGsuhRKn.js                                            4.96 kB │ gzip:  1.93 kB
#23 75.01 admin:build: build/client/assets/page-De0gSjib.js                                            5.96 kB │ gzip:  2.34 kB
#23 75.01 admin:build: build/client/assets/page-95rJkwTC.js                                            6.07 kB │ gzip:  2.40 kB
#23 75.01 admin:build: build/client/assets/page-rpV_11U5.js                                            6.85 kB │ gzip:  2.57 kB
#23 75.01 admin:build: build/client/assets/page-BU-Lt6-Q.js                                            6.98 kB │ gzip:  2.57 kB
#23 75.01 admin:build: build/client/assets/page-zYxwyE0r.js                                            7.06 kB │ gzip:  2.53 kB
#23 75.01 admin:build: build/client/assets/copy-field-CZQlAPrR.js                                      8.70 kB │ gzip:  3.71 kB
#23 75.01 admin:build: build/client/assets/page-91oc3GZx.js                                            8.75 kB │ gzip:  3.10 kB
#23 75.01 admin:build: build/client/assets/page-s7rHOpIy.js                                           10.18 kB │ gzip:  3.19 kB
#23 75.01 admin:build: build/client/assets/index-Cy4ddKoR.js                                          10.25 kB │ gzip:  4.72 kB
#23 75.01 admin:build: build/client/assets/root-DbLc1CaW.js                                           10.63 kB │ gzip:  3.81 kB
#23 75.01 admin:build: build/client/assets/lib-B_iFmnw_.js                                            11.13 kB │ gzip:  4.51 kB
#23 75.01 admin:build: build/client/assets/dialog-CUsKueY2.js                                         11.79 kB │ gzip:  4.57 kB
#23 75.01 admin:build: build/client/assets/Button-jOqFQdgW.js                                         14.89 kB │ gzip:  5.71 kB
#23 75.01 admin:build: build/client/assets/icon-DmPEbyyh.js                                           16.42 kB │ gzip:  6.39 kB
#23 75.01 admin:build: build/client/assets/tooltip-BwiuO_2d.js                                        29.62 kB │ gzip: 10.26 kB
#23 75.01 admin:build: build/client/assets/index.esm-mSD8OV4N.js                                      31.00 kB │ gzip: 11.16 kB
#23 75.01 admin:build: build/client/assets/page-Bey7Qvyw.js                                           31.48 kB │ gzip:  9.76 kB
#23 75.01 admin:build: build/client/assets/toast-CzMzvZHp.js                                          33.22 kB │ gzip: 11.10 kB
#23 75.01 admin:build: build/client/assets/errorBoundaries-C9zRX8P3.js                                33.32 kB │ gzip: 11.64 kB
#23 75.01 admin:build: build/client/assets/transition-03q8Yi7b.js                                     33.57 kB │ gzip: 12.23 kB
#23 75.01 admin:build: build/client/assets/positioner-3fIV8OgO.js                                     38.71 kB │ gzip: 14.33 kB
#23 75.01 admin:build: build/client/assets/select-trigger-CfXecgYp.js                                 53.02 kB │ gzip: 18.91 kB
#23 75.01 admin:build: build/client/assets/dist-DN-uzIb_2.js                                          70.87 kB │ gzip: 26.17 kB
#23 75.01 admin:build: build/client/assets/layout-Dp1iOJB-.js                                         77.59 kB │ gzip: 25.79 kB
#23 75.01 admin:build: build/client/assets/jsx-runtime-BFXHAw-U.js                                    84.18 kB │ gzip: 27.95 kB
#23 75.01 admin:build: build/client/assets/use-user-DhkcCfeT.js                                      146.84 kB │ gzip: 45.02 kB
#23 75.01 admin:build: build/client/assets/entry.client-XFJwu2Eq.js                                  182.47 kB │ gzip: 57.79 kB
#23 75.01 admin:build: 
#23 75.02 admin:build: [33m[33m[PLUGIN_TIMINGS] [0mYour build spent significant time in plugins. Here is a breakdown:
#23 75.02 admin:build:   - react-router:virtual-modules (40%)
#23 75.02 admin:build:   - react-router:dot-server (34%)
#23 75.02 admin:build:   - react-router:inject-hmr-runtime (18%)
#23 75.02 admin:build: See https://rolldown.rs/options/checks#plugintimings for more details.
#23 75.02 admin:build: [39m
#23 75.02 admin:build: [32m✓ built in 21.10s[39m
#23 75.03 admin:build: [36mvite v8.0.16 [32mbuilding ssr environment for production...[36m[39m
#23 77.67 admin:build: [2Kadmin:build: transforming...✓ 197 modules transformed.
#23 77.75 admin:build: rendering chunks...
#23 77.85 admin:build: 
#23 77.85 admin:build: [32m✓[39m 33 assets cleaned from React Router server build.
#23 77.85 admin:build: [2mbuild/client/assets/globals-C3o653-Q.css[22m
#23 77.85 admin:build: [2mbuild/client/assets/apple-touch-icon-BmADsVmV.png[22m
#23 77.85 admin:build: [2mbuild/client/assets/favicon-16x16-B_Opgp1K.png[22m
#23 77.85 admin:build: [2mbuild/client/assets/favicon-32x32-cfWXc3P9.png[22m
#23 77.85 admin:build: [2mbuild/client/assets/favicon-DJlV-mcI.ico[22m
#23 77.85 admin:build: [2mbuild/client/assets/logo-spinner-dark-Cc1AqekO.gif[22m
#23 77.85 admin:build: [2mbuild/client/assets/logo-spinner-light-DmBc4A-4.gif[22m
#23 77.85 admin:build: [2mbuild/client/assets/inter-latin-wght-normal-Dx4kXJAl.woff2[22m
#23 77.85 admin:build: [2mbuild/client/assets/inter-cyrillic-ext-wght-normal-BOeWTOD4.woff2[22m
#23 77.85 admin:build: [2mbuild/client/assets/inter-cyrillic-wght-normal-DqGufNeO.woff2[22m
#23 77.85 admin:build: [2mbuild/client/assets/inter-greek-ext-wght-normal-DlzME5K_.woff2[22m
#23 77.85 admin:build: [2mbuild/client/assets/inter-greek-wght-normal-CkhJZR-_.woff2[22m
#23 77.85 admin:build: [2mbuild/client/assets/inter-vietnamese-wght-normal-CBcvBZtf.woff2[22m
#23 77.85 admin:build: [2mbuild/client/assets/inter-latin-ext-wght-normal-DO1Apj_S.woff2[22m
#23 77.85 admin:build: [2mbuild/client/assets/material-symbols-rounded-latin-100-normal-StOoOijZ.woff2[22m
#23 77.85 admin:build: [2mbuild/client/assets/material-symbols-rounded-latin-100-normal-CyR9BGN8.woff[22m
#23 77.85 admin:build: [2mbuild/client/assets/material-symbols-rounded-latin-200-normal-Dy_97ylg.woff2[22m
#23 77.85 admin:build: [2mbuild/client/assets/material-symbols-rounded-latin-200-normal-B9_93z2O.woff[22m
#23 77.85 admin:build: [2mbuild/client/assets/material-symbols-rounded-latin-300-normal-CGYRw1-j.woff2[22m
#23 77.85 admin:build: [2mbuild/client/assets/material-symbols-rounded-latin-300-normal-CexQLkYr.woff[22m
#23 77.85 admin:build: [2mbuild/client/assets/material-symbols-rounded-latin-400-normal-BVRwnNJJ.woff2[22m
#23 77.85 admin:build: [2mbuild/client/assets/material-symbols-rounded-latin-400-normal-3TtrvaAx.woff[22m
#23 77.85 admin:build: [2mbuild/client/assets/ibm-plex-mono-cyrillic-ext-400-normal-xuaO2J-f.woff2[22m
#23 77.85 admin:build: [2mbuild/client/assets/ibm-plex-mono-cyrillic-ext-400-normal-DMdlQ8Kv.woff[22m
#23 77.85 admin:build: [2mbuild/client/assets/ibm-plex-mono-cyrillic-400-normal-BSMlKf0J.woff2[22m
#23 77.85 admin:build: [2mbuild/client/assets/ibm-plex-mono-cyrillic-400-normal-CEL4l2ZJ.woff[22m
#23 77.85 admin:build: [2mbuild/client/assets/ibm-plex-mono-vietnamese-400-normal-BulugwFq.woff2[22m
#23 77.85 admin:build: [2mbuild/client/assets/ibm-plex-mono-vietnamese-400-normal-DDuiU_S-.woff[22m
#23 77.85 admin:build: [2mbuild/client/assets/ibm-plex-mono-latin-ext-400-normal-BmRBH3aV.woff2[22m
#23 77.85 admin:build: [2mbuild/client/assets/ibm-plex-mono-latin-ext-400-normal-D3D2R8hC.woff[22m
#23 77.85 admin:build: [2mbuild/client/assets/ibm-plex-mono-latin-400-normal-DMJ8VG8y.woff2[22m
#23 77.85 admin:build: [2mbuild/client/assets/ibm-plex-mono-latin-400-normal-CvHOgSBP.woff[22m
#23 77.85 admin:build: [2mbuild/server/assets/server-build-CUojeknF.css[22m
#23 77.85 admin:build: 
#23 77.85 admin:build: computing gzip size...
#23 77.86 admin:build: build/server/assets/favicon-16x16-B_Opgp1K.png                                  0.46 kB
#23 77.86 admin:build: build/server/assets/favicon-32x32-cfWXc3P9.png                                  0.76 kB
#23 77.86 admin:build: build/server/assets/ibm-plex-mono-vietnamese-400-normal-DDuiU_S-.woff           5.62 kB
#23 77.86 admin:build: build/server/assets/ibm-plex-mono-cyrillic-ext-400-normal-DMdlQ8Kv.woff         5.82 kB
#23 77.86 admin:build: build/server/assets/ibm-plex-mono-vietnamese-400-normal-BulugwFq.woff2          5.86 kB
#23 77.86 admin:build: build/server/assets/apple-touch-icon-BmADsVmV.png                               6.29 kB
#23 77.86 admin:build: build/server/assets/ibm-plex-mono-cyrillic-ext-400-normal-xuaO2J-f.woff2        6.91 kB
#23 77.86 admin:build: build/server/assets/ibm-plex-mono-cyrillic-400-normal-CEL4l2ZJ.woff             7.20 kB
#23 77.86 admin:build: build/server/assets/ibm-plex-mono-cyrillic-400-normal-BSMlKf0J.woff2            8.35 kB
#23 77.86 admin:build: build/server/assets/inter-vietnamese-wght-normal-CBcvBZtf.woff2                10.25 kB
#23 77.86 admin:build: build/server/assets/inter-greek-ext-wght-normal-DlzME5K_.woff2                 11.23 kB
#23 77.86 admin:build: build/server/assets/ibm-plex-mono-latin-ext-400-normal-D3D2R8hC.woff           11.76 kB
#23 77.86 admin:build: build/server/assets/ibm-plex-mono-latin-400-normal-CvHOgSBP.woff               13.14 kB
#23 77.86 admin:build: build/server/.vite/manifest.json                                               13.17 kB │ gzip:   1.17 kB
#23 77.86 admin:build: build/server/assets/ibm-plex-mono-latin-ext-400-normal-BmRBH3aV.woff2          13.34 kB
#23 77.86 admin:build: build/server/assets/ibm-plex-mono-latin-400-normal-DMJ8VG8y.woff2              14.70 kB
#23 77.86 admin:build: build/server/assets/favicon-DJlV-mcI.ico                                       15.40 kB
#23 77.86 admin:build: build/server/assets/inter-cyrillic-wght-normal-DqGufNeO.woff2                  18.74 kB
#23 77.86 admin:build: build/server/assets/inter-greek-wght-normal-CkhJZR-_.woff2                     18.99 kB
#23 77.86 admin:build: build/server/assets/inter-cyrillic-ext-wght-normal-BOeWTOD4.woff2              25.96 kB
#23 77.86 admin:build: build/server/assets/inter-latin-wght-normal-Dx4kXJAl.woff2                     48.25 kB
#23 77.86 admin:build: build/server/assets/inter-latin-ext-wght-normal-DO1Apj_S.woff2                 85.06 kB
#23 77.86 admin:build: build/server/assets/material-symbols-rounded-latin-400-normal-BVRwnNJJ.woff2  348.77 kB
#23 77.86 admin:build: build/server/assets/material-symbols-rounded-latin-100-normal-StOoOijZ.woff2  363.56 kB
#23 77.86 admin:build: build/server/assets/material-symbols-rounded-latin-300-normal-CGYRw1-j.woff2  388.05 kB
#23 77.86 admin:build: build/server/assets/material-symbols-rounded-latin-200-normal-Dy_97ylg.woff2  389.09 kB
#23 77.87 admin:build: build/server/assets/logo-spinner-light-DmBc4A-4.gif                           427.96 kB
#23 77.87 admin:build: build/server/assets/material-symbols-rounded-latin-400-normal-3TtrvaAx.woff   454.56 kB
#23 77.87 admin:build: build/server/assets/material-symbols-rounded-latin-100-normal-CyR9BGN8.woff   485.69 kB
#23 77.87 admin:build: build/server/assets/material-symbols-rounded-latin-300-normal-CexQLkYr.woff   506.70 kB
#23 77.87 admin:build: build/server/assets/material-symbols-rounded-latin-200-normal-B9_93z2O.woff   507.90 kB
#23 77.87 admin:build: build/server/assets/logo-spinner-dark-Cc1AqekO.gif                            976.39 kB
#23 77.87 admin:build: build/server/assets/server-build-CUojeknF.css                                   7.43 kB │ gzip:   1.56 kB
#23 77.87 admin:build: build/server/assets/globals-C3o653-Q.css                                      170.03 kB │ gzip:  24.64 kB
#23 77.87 admin:build: build/server/index.js                                                         575.26 kB │ gzip: 112.15 kB
#23 77.87 admin:build: 
#23 77.87 admin:build: [32m✓ built in 2.84s[39m
#23 82.50 admin:build: SPA Mode: Generated [1mbuild/client/index.html[22m
#23 82.68 
#23 82.68  Tasks:    6 successful, 6 total
#23 82.68 Cached:    0 cached, 6 total
#23 82.68   Time:    1m20.794s 
#23 82.68 
#23 DONE 83.0s

#24 [production 3/5] COPY --from=caddy-builder /usr/bin/caddy /usr/bin/caddy
#24 CACHED

#25 [production 4/5] COPY apps/admin/caddy/Caddyfile /etc/caddy/Caddyfile
#25 CACHED

#26 [production 2/5] RUN apk update && apk upgrade --no-cache && apk add --no-cache curl && rm -rf /var/cache/apk/*
#26 CACHED

#27 [caddy-builder 2/2] RUN xcaddy build     --with github.com/mholt/caddy-ratelimit
#27 CACHED

#28 [production 5/5] COPY --from=installer /app/apps/admin/build/client /usr/share/caddy/html/god-mode
#28 CACHED

#29 exporting to image
#29 exporting layers 0.0s done
#29 exporting manifest sha256:7fdbdcba0df7376692eab98fd6328c7877411b6e76fdfca02994a98f19f305b2 done
#29 exporting config sha256:c5bee9b0e94403304794a0dcb7d365de9fb27a004683609e2a920bf47769efd0 done
#29 exporting attestation manifest sha256:fc1cb119e42f9c6127bdc87f7aafb2a47c1e5f2a8414e9753d667a31f312ff82 0.0s done
#29 exporting manifest list sha256:a8e7c64e420f23a581eb46740961ccd580f8d2c222fad9b23dbe01f128ded768 0.0s done
#29 naming to docker.io/library/ten-fold-plane-admin:latest
#29 naming to docker.io/library/ten-fold-plane-admin:latest done
#29 unpacking to docker.io/library/ten-fold-plane-admin:latest 0.0s done
#29 DONE 0.2s

#30 resolving provenance for metadata file
#30 DONE 0.2s
 Image ten-fold-plane-admin Built 
#1 [internal] load local bake definitions
#1 reading from stdin 1.22kB done
#1 DONE 0.0s
 Image ten-fold-plane-web Building 

#2 [internal] load build definition from Dockerfile.web
#2 transferring dockerfile: 3.61kB 0.0s done
#2 DONE 0.0s

#3 resolve image config for docker-image://docker.io/docker/dockerfile:1.7
#3 DONE 1.5s

#4 docker-image://docker.io/docker/dockerfile:1.7@sha256:a57df69d0ea827fb7266491f2813635de6f17269be881f696fbfdf2d83dda33e
#4 resolve docker.io/docker/dockerfile:1.7@sha256:a57df69d0ea827fb7266491f2813635de6f17269be881f696fbfdf2d83dda33e 0.1s done
#4 CACHED

#5 [internal] load metadata for docker.io/library/caddy:2.11-alpine
#5 ...

#6 [internal] load metadata for docker.io/library/node:22-alpine
#6 DONE 0.9s

#5 [internal] load metadata for docker.io/library/caddy:2.11-alpine
#5 DONE 0.9s

#7 [internal] load .dockerignore
#7 transferring context: 882B done
#7 DONE 0.0s

#8 [base 1/2] FROM docker.io/library/node:22-alpine@sha256:b6f26b36c8ff49624cfdac716b8ea1138d606df02586a77d364bb5536a634f85
#8 resolve docker.io/library/node:22-alpine@sha256:b6f26b36c8ff49624cfdac716b8ea1138d606df02586a77d364bb5536a634f85 0.1s done
#8 DONE 0.1s

#9 [production 1/4] FROM docker.io/library/caddy:2.11-alpine@sha256:de23def33b17fb5d1290b0f6c2add1d70780e52341896c00a4c8a2a2fe9d355e
#9 resolve docker.io/library/caddy:2.11-alpine@sha256:de23def33b17fb5d1290b0f6c2add1d70780e52341896c00a4c8a2a2fe9d355e 0.1s done
#9 DONE 0.1s

#10 [internal] load build context
#10 transferring context: 569.08kB 1.4s done
#10 DONE 1.5s

#11 [builder 1/5] RUN apk add --no-cache libc6-compat
#11 CACHED

#12 [builder 2/5] WORKDIR /app
#12 CACHED

#13 [base 2/2] RUN corepack enable
#13 CACHED

#14 [builder 3/5] RUN corepack enable pnpm && pnpm add -g turbo@2.9.18
#14 CACHED

#15 [builder 4/5] COPY . .
#15 DONE 9.8s

#16 [builder 5/5] RUN turbo prune --scope=web --docker
#16 0.998  WARNING  --scope is deprecated and will be removed in a future major version. Use positional arguments instead (e.g. `turbo prune web`)
#16 1.001 
#16 1.001 Attention:
#16 1.001 Turborepo now collects completely anonymous telemetry regarding usage.
#16 1.001 This information is used to shape the Turborepo roadmap and prioritize features.
#16 1.001 You can learn more, including how to opt-out if you'd not like to participate in this anonymous program, by visiting the following URL:
#16 1.001 https://turborepo.dev/docs/telemetry
#16 1.001 
#16 1.005 • turbo 2.9.18
#16 1.336 Generating pruned monorepo for web in /app/out
#16 1.369  - Added @plane/constants
#16 1.414  - Added @plane/editor
#16 1.422  - Added @plane/hooks
#16 1.517  - Added @plane/i18n
#16 1.582  - Added @plane/propel
#16 1.601  - Added @plane/services
#16 1.606  - Added @plane/shared-state
#16 1.611  - Added @plane/tailwind-config
#16 1.632  - Added @plane/types
#16 1.638  - Added @plane/typescript-config
#16 1.674  - Added @plane/ui
#16 1.695  - Added @plane/utils
#16 2.273  - Added web
#16 DONE 2.8s

#17 [installer  3/12] COPY .gitignore .gitignore
#17 CACHED

#18 [installer  4/12] COPY --from=builder /app/out/json/ .
#18 CACHED

#19 [installer  5/12] COPY --from=builder /app/out/pnpm-lock.yaml ./pnpm-lock.yaml
#19 CACHED

#20 [installer  6/12] RUN corepack enable pnpm
#20 CACHED

#21 [installer  7/12] COPY --from=builder /app/out/full/ .
#21 DONE 1.3s

#22 [installer  8/12] COPY --from=builder /app/apps/proxy/grist-custom.css ./apps/proxy/grist-custom.css
#22 DONE 0.2s

#23 [installer  9/12] COPY turbo.json turbo.json
#23 DONE 0.1s

#24 [installer 10/12] RUN --mount=type=cache,id=pnpm-store,target=/pnpm/store pnpm fetch --store-dir=/pnpm/store
#24 0.482 ! Corepack is about to download https://registry.npmjs.org/pnpm/-/pnpm-11.10.0.tgz
#24 4.074 ? Verifying lockfile against supply-chain policies (1713 entries)...
#24 4.104 Importing packages to virtual store
#24 5.026 Already up to date
#24 5.233 Progress: resolved 1, reused 0, downloaded 0, added 0
#24 6.248 Progress: resolved 1498, reused 56, downloaded 0, added 0
#24 7.257 Progress: resolved 1498, reused 103, downloaded 0, added 0
#24 8.257 Progress: resolved 1498, reused 156, downloaded 0, added 0
#24 9.272 Progress: resolved 1498, reused 209, downloaded 0, added 0
#24 10.36 Progress: resolved 1498, reused 246, downloaded 0, added 0
#24 11.44 Progress: resolved 1498, reused 279, downloaded 0, added 0
#24 12.45 Progress: resolved 1498, reused 304, downloaded 0, added 0
#24 13.47 Progress: resolved 1498, reused 329, downloaded 0, added 0
#24 14.48 Progress: resolved 1498, reused 359, downloaded 0, added 0
#24 15.50 Progress: resolved 1498, reused 395, downloaded 0, added 0
#24 16.52 Progress: resolved 1498, reused 438, downloaded 0, added 0
#24 17.56 Progress: resolved 1498, reused 472, downloaded 0, added 0
#24 18.56 Progress: resolved 1498, reused 503, downloaded 0, added 0
#24 19.39 [WARN] Request took 10468ms: https://registry.npmjs.org/@storybook%2Faddon-links
#24 19.57 Progress: resolved 1498, reused 545, downloaded 0, added 0
#24 20.62 [WARN] Request took 11636ms: https://registry.npmjs.org/@storybook%2Fbuilder-webpack5
#24 20.67 Progress: resolved 1498, reused 584, downloaded 0, added 0
#24 21.82 Progress: resolved 1498, reused 653, downloaded 0, added 0
#24 22.97 Progress: resolved 1498, reused 695, downloaded 0, added 0
#24 23.44 [WARN] Request took 10053ms: https://registry.npmjs.org/chromatic
#24 24.18 ✓ Lockfile passes supply-chain policies (1713 entries in 20.1s)
#24 24.19 Progress: resolved 1498, reused 723, downloaded 0, added 0
#24 25.19 Progress: resolved 1498, reused 1126, downloaded 0, added 0
#24 26.19 Progress: resolved 1498, reused 1492, downloaded 0, added 0
#24 27.19 Progress: resolved 1498, reused 1492, downloaded 0, added 40
#24 28.19 Progress: resolved 1498, reused 1492, downloaded 0, added 50
#24 29.23 Progress: resolved 1498, reused 1492, downloaded 0, added 51
#24 30.23 Progress: resolved 1498, reused 1492, downloaded 0, added 67
#24 31.24 Progress: resolved 1498, reused 1492, downloaded 0, added 83
#24 32.24 Progress: resolved 1498, reused 1492, downloaded 0, added 84
#24 33.24 Progress: resolved 1498, reused 1492, downloaded 0, added 114
#24 34.24 Progress: resolved 1498, reused 1492, downloaded 0, added 151
#24 35.24 Progress: resolved 1498, reused 1492, downloaded 0, added 219
#24 36.24 Progress: resolved 1498, reused 1492, downloaded 0, added 248
#24 37.24 Progress: resolved 1498, reused 1492, downloaded 0, added 265
#24 38.24 Progress: resolved 1498, reused 1492, downloaded 0, added 270
#24 40.47 Progress: resolved 1498, reused 1492, downloaded 0, added 271
#24 41.48 Progress: resolved 1498, reused 1492, downloaded 0, added 288
#24 42.48 Progress: resolved 1498, reused 1492, downloaded 0, added 318
#24 43.87 Progress: resolved 1498, reused 1492, downloaded 0, added 319
#24 44.87 Progress: resolved 1498, reused 1492, downloaded 0, added 374
#24 46.18 Progress: resolved 1498, reused 1492, downloaded 0, added 375
#24 47.18 Progress: resolved 1498, reused 1492, downloaded 0, added 502
#24 48.18 Progress: resolved 1498, reused 1492, downloaded 0, added 503
#24 49.37 Progress: resolved 1498, reused 1492, downloaded 0, added 504
#24 50.37 Progress: resolved 1498, reused 1492, downloaded 0, added 505
#24 51.37 Progress: resolved 1498, reused 1492, downloaded 0, added 513
#24 52.37 Progress: resolved 1498, reused 1492, downloaded 0, added 562
#24 53.37 Progress: resolved 1498, reused 1492, downloaded 0, added 592
#24 54.37 Progress: resolved 1498, reused 1492, downloaded 0, added 599
#24 55.37 Progress: resolved 1498, reused 1492, downloaded 0, added 602
#24 57.09 Progress: resolved 1498, reused 1492, downloaded 0, added 603
#24 58.09 Progress: resolved 1498, reused 1492, downloaded 0, added 669
#24 59.09 Progress: resolved 1498, reused 1492, downloaded 0, added 688
#24 60.09 Progress: resolved 1498, reused 1492, downloaded 0, added 694
#24 64.98 Progress: resolved 1498, reused 1492, downloaded 0, added 695
#24 65.98 Progress: resolved 1498, reused 1492, downloaded 0, added 699
#24 66.99 Progress: resolved 1498, reused 1492, downloaded 0, added 702
#24 69.38 Progress: resolved 1498, reused 1492, downloaded 0, added 703
#24 70.81 Progress: resolved 1498, reused 1492, downloaded 0, added 704
#24 72.53 Progress: resolved 1498, reused 1492, downloaded 0, added 705
#24 73.53 Progress: resolved 1498, reused 1492, downloaded 0, added 706
#24 74.54 Progress: resolved 1498, reused 1492, downloaded 0, added 709
#24 75.90 Progress: resolved 1498, reused 1492, downloaded 0, added 710
#24 77.92 Progress: resolved 1498, reused 1492, downloaded 0, added 711
#24 78.92 Progress: resolved 1498, reused 1492, downloaded 0, added 749
#24 79.92 Progress: resolved 1498, reused 1492, downloaded 0, added 812
#24 80.92 Progress: resolved 1498, reused 1492, downloaded 0, added 817
#24 81.92 Progress: resolved 1498, reused 1492, downloaded 0, added 818
#24 82.92 Progress: resolved 1498, reused 1492, downloaded 0, added 824
#24 84.32 Progress: resolved 1498, reused 1492, downloaded 0, added 825
#24 85.33 Progress: resolved 1498, reused 1492, downloaded 0, added 863
#24 86.33 Progress: resolved 1498, reused 1492, downloaded 0, added 968
#24 87.33 Progress: resolved 1498, reused 1492, downloaded 0, added 1062
#24 88.33 Progress: resolved 1498, reused 1492, downloaded 0, added 1119
#24 89.33 Progress: resolved 1498, reused 1492, downloaded 0, added 1166
#24 90.33 Progress: resolved 1498, reused 1492, downloaded 0, added 1204
#24 91.33 Progress: resolved 1498, reused 1492, downloaded 0, added 1228
#24 92.33 Progress: resolved 1498, reused 1492, downloaded 0, added 1230
#24 93.33 Progress: resolved 1498, reused 1492, downloaded 0, added 1235
#24 94.33 Progress: resolved 1498, reused 1492, downloaded 0, added 1251
#24 95.33 Progress: resolved 1498, reused 1492, downloaded 0, added 1319
#24 96.33 Progress: resolved 1498, reused 1492, downloaded 0, added 1379
#24 97.34 Progress: resolved 1498, reused 1492, downloaded 0, added 1467
#24 97.63 Progress: resolved 1498, reused 1492, downloaded 0, added 1498, done
#24 97.67 .../node_modules/@swc/core postinstall$ node postinstall.js
#24 97.84 .../node_modules/@swc/core postinstall: Done
#24 98.28 
#24 DONE 98.6s

#25 [installer 11/12] RUN --mount=type=cache,id=pnpm-store,target=/pnpm/store CI=true pnpm install --offline --frozen-lockfile --store-dir=/pnpm/store
#25 4.769 Scope: all 14 workspace projects
#25 5.259 ✓ Lockfile passes supply-chain policies (verified 1m ago)
#25 5.285 Lockfile is up to date, resolution step is skipped
#25 5.803 Already up to date
#25 10.37 
#25 10.37 devDependencies:
#25 10.37 + husky 9.1.7
#25 10.37 + lint-staged 16.2.7
#25 10.37 + oxfmt 0.35.0
#25 10.37 + oxlint 1.51.0
#25 10.37 + react-doctor 0.4.2
#25 10.37 + turbo 2.10.11
#25 10.37 
#25 10.39 . prepare$ husky
#25 10.52 . prepare: .git can't be found
#25 10.53 . prepare: Done
#25 11.06 Done in 7.7s using pnpm v11.10.0
#25 DONE 11.3s

#26 [installer 12/12] RUN pnpm turbo run build --filter=web --force     && printf '%s\n' "001a4f0aa03292b58965e110f14867c7abcfa60b3a3062722f089e0fe9cdfa57" > /app/apps/web/build/client/deployment-source.txt
#26 3.520 Scope: all 14 workspace projects
#26 4.477 ✓ Lockfile passes supply-chain policies (verified 1m ago)
#26 4.524 Lockfile is up to date, resolution step is skipped
#26 5.174 Already up to date
#26 5.288 
#26 5.288    ╭──────────────────────────────────────────────╮
#26 5.288    │                                              │
#26 5.288    │     Update available! 11.10.0 → 12.5.1.      │
#26 5.288    │     Changelog: https://pnpm.io/v/12.5.1      │
#26 5.288    │   To update, run: corepack use pnpm@12.5.1   │
#26 5.288    │                                              │
#26 5.288    ╰──────────────────────────────────────────────╯
#26 5.288 
#26 8.863 
#26 8.879 . prepare$ husky
#26 9.000 . prepare: .git can't be found
#26 9.003 . prepare: Done
#26 9.494 Done in 7.3s using pnpm v11.10.0
#26 9.919 • turbo 2.10.11
#26 10.06 
#26 10.06    • Packages in scope: web
#26 10.06    • Running build in 1 packages
#26 10.06    • Remote caching disabled
#26 10.06 
#26 11.40 @plane/i18n:build: cache bypass, force executing edd8dbbe1c3771c1
#26 11.40 @plane/hooks:build: cache bypass, force executing 7cfc83de1dc854c6
#26 11.41 @plane/types:build: cache bypass, force executing 3ecb25cea748d8ea
#26 13.45 @plane/types:build: $ tsdown
#26 13.89 @plane/hooks:build: $ tsdown
#26 14.14 @plane/hooks:build: ℹ tsdown v0.16.0 powered by rolldown v1.0.0-beta.46
#26 14.16 @plane/types:build: ℹ tsdown v0.16.0 powered by rolldown v1.0.0-beta.46
#26 14.46 @plane/i18n:build: $ pnpm run generate:types && tsdown
#26 14.70 @plane/hooks:build: ℹ Using tsdown config: /app/packages/hooks/tsdown.config.ts
#26 14.72 @plane/hooks:build: ℹ entry: src/index.ts
#26 14.72 @plane/hooks:build: ℹ tsconfig: tsconfig.json
#26 14.73 @plane/hooks:build: ℹ Build start
#26 14.75 @plane/types:build: ℹ Using tsdown config: /app/packages/types/tsdown.config.ts
#26 14.78 @plane/types:build: ℹ entry: src/index.ts
#26 14.79 @plane/types:build: ℹ tsconfig: tsconfig.json
#26 14.79 @plane/types:build: ℹ Build start
#26 17.17 @plane/i18n:build: $ tsx scripts/generate-types.ts
#26 20.14 @plane/i18n:build: Generated 3838 keys from 28 namespace files
#26 21.13 @plane/i18n:build: ℹ tsdown v0.16.0 powered by rolldown v1.0.0-beta.46
#26 21.90 @plane/i18n:build: ℹ Using tsdown config: /app/packages/i18n/tsdown.config.ts
#26 21.98 @plane/i18n:build: ℹ entry: src/index.ts
#26 21.99 @plane/i18n:build: ℹ tsconfig: tsconfig.json
#26 21.99 @plane/i18n:build: ℹ Build start
#26 27.48 @plane/hooks:build: ℹ dist/index.js         5.82 kB │ gzip: 1.93 kB
#26 27.49 @plane/hooks:build: ℹ dist/index.js.map    11.13 kB │ gzip: 3.57 kB
#26 27.49 @plane/hooks:build: ℹ dist/index.d.ts.map   0.66 kB │ gzip: 0.39 kB
#26 27.49 @plane/hooks:build: ℹ dist/index.d.ts       2.00 kB │ gzip: 0.80 kB
#26 27.49 @plane/hooks:build: ℹ 4 files, total: 19.61 kB
#26 27.51 @plane/hooks:build: ✔ Build complete in 12778ms
#26 30.03 @plane/types:build: ℹ dist/index.mjs         16.84 kB │ gzip:  3.67 kB
#26 30.03 @plane/types:build: ℹ dist/index.d.mts.map   89.23 kB │ gzip: 29.36 kB
#26 30.03 @plane/types:build: ℹ dist/index.mjs.map     65.53 kB │ gzip: 13.53 kB
#26 30.03 @plane/types:build: ℹ dist/index.d.mts      146.98 kB │ gzip: 28.71 kB
#26 30.03 @plane/types:build: ℹ 4 files, total: 318.56 kB
#26 30.04 @plane/types:build: ✔ Build complete in 15237ms
#26 30.25 @plane/constants:build: cache bypass, force executing 94fa128b3b9074de
#26 32.41 @plane/constants:build: $ tsdown
#26 32.76 @plane/constants:build: ℹ tsdown v0.16.0 powered by rolldown v1.0.0-beta.46
#26 33.14 @plane/constants:build: ℹ Using tsdown config: /app/packages/constants/tsdown.config.ts
#26 33.16 @plane/constants:build: ℹ entry: src/index.ts
#26 33.16 @plane/constants:build: ℹ tsconfig: tsconfig.json
#26 33.17 @plane/constants:build: ℹ Build start
#26 34.37 @plane/i18n:build: ℹ dist/index.js          5.66 kB │ gzip:  2.15 kB
#26 34.37 @plane/i18n:build: ℹ dist/index.d.ts.map   43.17 kB │ gzip:  5.39 kB
#26 34.38 @plane/i18n:build: ℹ dist/index.js.map     12.36 kB │ gzip:  4.16 kB
#26 34.38 @plane/i18n:build: ℹ dist/index.d.ts      176.39 kB │ gzip: 23.79 kB
#26 34.38 @plane/i18n:build: ℹ 4 files, total: 237.59 kB
#26 34.38 @plane/i18n:build: ✔ Build complete in 12381ms
#26 38.93 @plane/constants:build: ℹ dist/index.mjs        108.95 kB │ gzip: 21.94 kB
#26 38.94 @plane/constants:build: ℹ dist/index.mjs.map    176.20 kB │ gzip: 30.67 kB
#26 38.94 @plane/constants:build: ℹ dist/index.d.mts.map   24.27 kB │ gzip:  8.83 kB
#26 38.94 @plane/constants:build: ℹ dist/index.d.mts       52.02 kB │ gzip: 11.44 kB
#26 38.94 @plane/constants:build: ℹ 4 files, total: 361.43 kB
#26 38.94 @plane/constants:build: ✔ Build complete in 5773ms
#26 39.03 @plane/utils:build: cache bypass, force executing af0f4bb854fb076c
#26 39.03 @plane/services:build: cache bypass, force executing 6ac6a7048b77ec45
#26 40.60 @plane/utils:build: $ tsdown
#26 40.62 @plane/services:build: $ tsdown
#26 40.86 @plane/utils:build: ℹ tsdown v0.16.0 powered by rolldown v1.0.0-beta.46
#26 40.87 @plane/services:build: ℹ tsdown v0.16.0 powered by rolldown v1.0.0-beta.46
#26 41.13 @plane/services:build: ℹ Using tsdown config: /app/packages/services/tsdown.config.ts
#26 41.15 @plane/services:build: ℹ entry: src/index.ts
#26 41.15 @plane/services:build: ℹ tsconfig: tsconfig.json
#26 41.15 @plane/services:build: ℹ Build start
#26 41.17 @plane/utils:build: ℹ Using tsdown config: /app/packages/utils/tsdown.config.ts
#26 41.22 @plane/utils:build: ℹ entry: src/index.ts
#26 41.22 @plane/utils:build: ℹ tsconfig: tsconfig.json
#26 41.22 @plane/utils:build: ℹ Build start
#26 49.26 @plane/services:build: ℹ dist/index.js         97.92 kB │ gzip: 11.24 kB
#26 49.26 @plane/services:build: ℹ dist/index.js.map    154.04 kB │ gzip: 17.93 kB
#26 49.26 @plane/services:build: ℹ dist/index.d.ts.map   21.01 kB │ gzip:  5.70 kB
#26 49.26 @plane/services:build: ℹ dist/index.d.ts       70.26 kB │ gzip:  9.05 kB
#26 49.26 @plane/services:build: ℹ 4 files, total: 343.23 kB
#26 49.31 @plane/services:build: ✔ Build complete in 8153ms
#26 56.90 @plane/utils:build: ℹ dist/index.js        220.02 kB │ gzip: 55.20 kB
#26 56.90 @plane/utils:build: ℹ dist/index.js.map    400.12 kB │ gzip: 88.79 kB
#26 56.90 @plane/utils:build: ℹ dist/index.d.ts.map   43.35 kB │ gzip: 14.47 kB
#26 56.90 @plane/utils:build: ℹ dist/index.d.ts      117.11 kB │ gzip: 27.19 kB
#26 56.90 @plane/utils:build: ℹ 4 files, total: 780.60 kB
#26 56.90 @plane/utils:build: ✔ Build complete in 15675ms
#26 57.03 @plane/shared-state:build: cache bypass, force executing c37a13662395c2db
#26 57.03 @plane/propel:build: cache bypass, force executing f9df4c5b2404e4ed
#26 58.87 @plane/shared-state:build: $ tsdown
#26 58.93 @plane/propel:build: $ tsdown
#26 59.17 @plane/shared-state:build: ℹ tsdown v0.16.0 powered by rolldown v1.0.0-beta.46
#26 59.18 @plane/propel:build: ℹ tsdown v0.16.0 powered by rolldown v1.0.0-beta.46
#26 59.43 @plane/shared-state:build: ℹ Using tsdown config: /app/packages/shared-state/tsdown.config.ts
#26 59.45 @plane/propel:build: ℹ Using tsdown config: /app/packages/propel/tsdown.config.ts
#26 59.45 @plane/shared-state:build: ℹ entry: src/index.ts
#26 59.45 @plane/shared-state:build: ℹ tsconfig: tsconfig.json
#26 59.45 @plane/shared-state:build: ℹ Build start
#26 59.56 @plane/propel:build: ℹ entry: src/accordion/index.ts, src/animated-counter/index.ts, src/avatar/index.ts, src/badge/index.ts, src/banner/index.ts, src/button/index.ts, src/calendar/index.ts, src/card/index.ts, src/collapsible/index.ts, src/context-menu/index.ts, src/command/index.ts, src/combobox/index.ts, src/dialog/index.ts, src/emoji-icon-picker/index.ts, src/emoji-reaction/index.ts, src/empty-state/index.ts, src/icon-button/index.ts, src/input/index.ts, src/icons/index.ts, src/menu/index.ts, src/pill/index.ts, src/popover/index.ts, src/portal/index.ts, src/scrollarea/index.ts, src/skeleton/index.ts, src/spinners/index.ts, src/switch/index.ts, src/tab-navigation/index.ts, src/table/index.ts, src/tabs/index.ts, src/toast/index.ts, src/toolbar/index.ts, src/tooltip/index.ts, src/utils/index.ts, src/charts/bar-chart/index.ts, src/charts/area-chart/index.ts, src/charts/line-chart/index.ts, src/charts/pie-chart/index.ts, src/charts/radar-chart/index.ts, src/charts/scatter-chart/index.ts, src/charts/tree-map/index.ts
#26 59.57 @plane/propel:build: ℹ tsconfig: tsconfig.json
#26 59.57 @plane/propel:build: ℹ Build start
#26 70.82 @plane/shared-state:build: ℹ dist/index.js        39.80 kB │ gzip:  8.31 kB
#26 70.82 @plane/shared-state:build: ℹ dist/index.js.map    82.77 kB │ gzip: 17.20 kB
#26 70.82 @plane/shared-state:build: ℹ dist/index.d.ts.map   9.10 kB │ gzip:  3.48 kB
#26 70.82 @plane/shared-state:build: ℹ dist/index.d.ts      21.30 kB │ gzip:  4.29 kB
#26 70.82 @plane/shared-state:build: ℹ 4 files, total: 152.97 kB
#26 70.83 @plane/shared-state:build: ✔ Build complete in 11379ms
#26 79.99 @plane/propel:build: ℹ dist/empty-state/index.js                  749.12 kB │ gzip: 213.69 kB
#26 79.99 @plane/propel:build: ℹ dist/charts/bar-chart/index.js               9.75 kB │ gzip:   3.19 kB
#26 79.99 @plane/propel:build: ℹ dist/charts/tree-map/index.js                9.39 kB │ gzip:   2.77 kB
#26 79.99 @plane/propel:build: ℹ dist/toast/index.js                          9.08 kB │ gzip:   2.30 kB
#26 79.99 @plane/propel:build: ℹ dist/portal/index.js                         6.41 kB │ gzip:   2.15 kB
#26 79.99 @plane/propel:build: ℹ dist/charts/pie-chart/index.js               6.25 kB │ gzip:   2.03 kB
#26 79.99 @plane/propel:build: ℹ dist/icons/index.js                          6.18 kB │ gzip:   1.86 kB
#26 79.99 @plane/propel:build: ℹ dist/menu/index.js                           5.60 kB │ gzip:   1.87 kB
#26 79.99 @plane/propel:build: ℹ dist/emoji-reaction/index.js                 5.57 kB │ gzip:   1.93 kB
#26 79.99 @plane/propel:build: ℹ dist/charts/area-chart/index.js              5.21 kB │ gzip:   1.92 kB
#26 79.99 @plane/propel:build: ℹ dist/combobox/index.js                       4.83 kB │ gzip:   1.74 kB
#26 79.99 @plane/propel:build: ℹ dist/charts/line-chart/index.js              4.50 kB │ gzip:   1.69 kB
#26 79.99 @plane/propel:build: ℹ dist/charts/scatter-chart/index.js           4.24 kB │ gzip:   1.56 kB
#26 79.99 @plane/propel:build: ℹ dist/toolbar/index.js                        4.05 kB │ gzip:   1.43 kB
#26 79.99 @plane/propel:build: ℹ dist/context-menu/index.js                   3.68 kB │ gzip:   1.14 kB
#26 79.99 @plane/propel:build: ℹ dist/banner/index.js                         3.43 kB │ gzip:   1.34 kB
#26 79.99 @plane/propel:build: ℹ dist/dialog/index.js                         3.33 kB │ gzip:   1.13 kB
#26 79.99 @plane/propel:build: ℹ dist/scrollarea/index.js                     2.96 kB │ gzip:   1.08 kB
#26 79.99 @plane/propel:build: ℹ dist/tabs/index.js                           2.87 kB │ gzip:   1.13 kB
#26 79.99 @plane/propel:build: ℹ dist/charts/radar-chart/index.js             2.83 kB │ gzip:   1.19 kB
#26 80.00 @plane/propel:build: ℹ dist/table/index.js                          2.72 kB │ gzip:   0.84 kB
#26 80.00 @plane/propel:build: ℹ dist/avatar/index.js                         2.69 kB │ gzip:   1.02 kB
#26 80.00 @plane/propel:build: ℹ dist/pill/index.js                           2.37 kB │ gzip:   1.02 kB
#26 80.00 @plane/propel:build: ℹ dist/collapsible/index.js                    2.17 kB │ gzip:   0.91 kB
#26 80.00 @plane/propel:build: ℹ dist/badge/index.js                          2.12 kB │ gzip:   0.97 kB
#26 80.00 @plane/propel:build: ℹ dist/accordion/index.js                      1.96 kB │ gzip:   0.74 kB
#26 80.00 @plane/propel:build: ℹ dist/tab-navigation/index.js                 1.90 kB │ gzip:   0.80 kB
#26 80.00 @plane/propel:build: ℹ dist/spinners/index.js                       1.89 kB │ gzip:   1.00 kB
#26 80.00 @plane/propel:build: ℹ dist/command/index.js                        1.48 kB │ gzip:   0.58 kB
#26 80.00 @plane/propel:build: ℹ dist/switch/index.js                         1.46 kB │ gzip:   0.71 kB
#26 80.00 @plane/propel:build: ℹ dist/input/index.js                          1.42 kB │ gzip:   0.77 kB
#26 80.00 @plane/propel:build: ℹ dist/calendar/index.js                       1.16 kB │ gzip:   0.59 kB
#26 80.00 @plane/propel:build: ℹ dist/skeleton/index.js                       0.92 kB │ gzip:   0.46 kB
#26 80.00 @plane/propel:build: ℹ dist/emoji-icon-picker/index.js              0.71 kB │ gzip:   0.35 kB
#26 80.00 @plane/propel:build: ℹ dist/utils/index.js                          0.25 kB │ gzip:   0.17 kB
#26 80.00 @plane/propel:build: ℹ dist/icon-button/index.js                    0.23 kB │ gzip:   0.17 kB
#26 80.00 @plane/propel:build: ℹ dist/button/index.js                         0.21 kB │ gzip:   0.16 kB
#26 80.00 @plane/propel:build: ℹ dist/card/index.js                           0.20 kB │ gzip:   0.15 kB
#26 80.00 @plane/propel:build: ℹ dist/animated-counter/index.js               0.20 kB │ gzip:   0.15 kB
#26 80.00 @plane/propel:build: ℹ dist/tooltip/index.js                        0.18 kB │ gzip:   0.14 kB
#26 80.00 @plane/propel:build: ℹ dist/popover/index.js                        0.11 kB │ gzip:   0.10 kB
#26 80.00 @plane/propel:build: ℹ dist/empty-state/index.js.map              859.86 kB │ gzip: 218.29 kB
#26 80.00 @plane/propel:build: ℹ dist/icons-DWzY_Ct4.js.map                 391.68 kB │ gzip: 100.97 kB
#26 80.00 @plane/propel:build: ℹ dist/icons-DWzY_Ct4.js                     309.50 kB │ gzip:  94.69 kB
#26 80.00 @plane/propel:build: ℹ dist/emoji-icon-picker-C-QxDRjq.js.map      58.16 kB │ gzip:  13.25 kB
#26 80.00 @plane/propel:build: ℹ dist/emoji-icon-picker-C-QxDRjq.js          32.67 kB │ gzip:   8.54 kB
#26 80.00 @plane/propel:build: ℹ dist/charts/bar-chart/index.js.map          18.54 kB │ gzip:   5.83 kB
#26 80.00 @plane/propel:build: ℹ dist/index-BUyOAoiw.d.ts.map                17.31 kB │ gzip:   3.08 kB
#26 80.00 @plane/propel:build: ℹ dist/charts/tree-map/index.js.map           16.84 kB │ gzip:   4.95 kB
#26 80.00 @plane/propel:build: ℹ dist/toast/index.js.map                     14.78 kB │ gzip:   4.07 kB
#26 80.00 @plane/propel:build: ℹ dist/charts/pie-chart/index.js.map          10.95 kB │ gzip:   3.47 kB
#26 80.00 @plane/propel:build: ℹ dist/combobox/index.js.map                   9.95 kB │ gzip:   3.34 kB
#26 80.00 @plane/propel:build: ℹ dist/charts/area-chart/index.js.map          9.79 kB │ gzip:   3.31 kB
#26 80.00 @plane/propel:build: ℹ dist/emoji-reaction/index.js.map             9.74 kB │ gzip:   3.24 kB
#26 80.00 @plane/propel:build: ℹ dist/empty-state/index.d.ts.map              9.61 kB │ gzip:   2.39 kB
#26 80.00 @plane/propel:build: ℹ dist/portal/index.js.map                     9.54 kB │ gzip:   3.32 kB
#26 80.00 @plane/propel:build: ℹ dist/menu/index.js.map                       9.53 kB │ gzip:   3.20 kB
#26 80.00 @plane/propel:build: ℹ dist/charts/line-chart/index.js.map          8.10 kB │ gzip:   2.75 kB
#26 80.00 @plane/propel:build: ℹ dist/charts/scatter-chart/index.js.map       7.53 kB │ gzip:   2.53 kB
#26 80.00 @plane/propel:build: ℹ dist/toolbar/index.js.map                    7.21 kB │ gzip:   2.34 kB
#26 80.00 @plane/propel:build: ℹ dist/context-menu/index.js.map               7.16 kB │ gzip:   1.94 kB
#26 80.00 @plane/propel:build: ℹ dist/banner/index.js.map                     6.96 kB │ gzip:   2.58 kB
#26 80.00 @plane/propel:build: ℹ dist/tabs/index.js.map                       6.21 kB │ gzip:   1.86 kB
#26 80.00 @plane/propel:build: ℹ dist/tooltip-2hD27cLV.js.map                 5.98 kB │ gzip:   2.15 kB
#26 80.00 @plane/propel:build: ℹ dist/dialog/index.js.map                     5.75 kB │ gzip:   1.97 kB
#26 80.00 @plane/propel:build: ℹ dist/button-CjcOirFK.js.map                  5.70 kB │ gzip:   1.99 kB
#26 80.00 @plane/propel:build: ℹ dist/avatar/index.js.map                     5.14 kB │ gzip:   1.78 kB
#26 80.00 @plane/propel:build: ℹ dist/charts/radar-chart/index.js.map         4.91 kB │ gzip:   1.89 kB
#26 80.00 @plane/propel:build: ℹ dist/scrollarea/index.js.map                 4.86 kB │ gzip:   1.64 kB
#26 80.00 @plane/propel:build: ℹ dist/icon-button-2BUssuti.js.map             4.86 kB │ gzip:   1.66 kB
#26 80.00 @plane/propel:build: ℹ dist/table/index.js.map                      4.83 kB │ gzip:   1.32 kB
#26 80.00 @plane/propel:build: ℹ dist/popover-CrZ8wRJs.js.map                 4.12 kB │ gzip:   1.50 kB
#26 80.00 @plane/propel:build: ℹ dist/badge/index.js.map                      4.08 kB │ gzip:   1.63 kB
#26 80.00 @plane/propel:build: ℹ dist/animated-counter-CqtqTlrG.js.map        3.95 kB │ gzip:   1.52 kB
#26 80.00 @plane/propel:build: ℹ dist/collapsible/index.js.map                3.95 kB │ gzip:   1.53 kB
#26 80.00 @plane/propel:build: ℹ dist/tooltip-CLEkTCyg.js.map                 3.83 kB │ gzip:   1.57 kB
#26 80.00 @plane/propel:build: ℹ dist/legend-HUzGLN3O.js.map                  3.79 kB │ gzip:   1.65 kB
#26 80.00 @plane/propel:build: ℹ dist/tooltip-2hD27cLV.js                     3.75 kB │ gzip:   1.29 kB
#26 80.00 @plane/propel:build: ℹ dist/accordion/index.js.map                  3.72 kB │ gzip:   1.34 kB
#26 80.00 @plane/propel:build: ℹ dist/pill/index.js.map                       3.46 kB │ gzip:   1.38 kB
#26 80.00 @plane/propel:build: ℹ dist/card-BJ9a4xMU.js.map                    3.43 kB │ gzip:   1.35 kB
#26 80.00 @plane/propel:build: ℹ dist/button-CjcOirFK.js                      3.31 kB │ gzip:   1.22 kB
#26 80.00 @plane/propel:build: ℹ dist/classname-BokbBhj4.js.map               3.14 kB │ gzip:   1.30 kB
#26 80.00 @plane/propel:build: ℹ dist/icon-button-2BUssuti.js                 2.93 kB │ gzip:   1.08 kB
#26 80.00 @plane/propel:build: ℹ dist/circular-bar-spinner-Cp6QEb9r.js.map    2.86 kB │ gzip:   0.97 kB
#26 80.00 @plane/propel:build: ℹ dist/placement-Db9Qu3XD.js.map               2.73 kB │ gzip:   0.82 kB
#26 80.00 @plane/propel:build: ℹ dist/switch/index.js.map                     2.71 kB │ gzip:   1.19 kB
#26 80.00 @plane/propel:build: ℹ dist/tab-navigation/index.js.map             2.65 kB │ gzip:   1.04 kB
#26 80.00 @plane/propel:build: ℹ dist/command/index.js.map                    2.48 kB │ gzip:   0.95 kB
#26 80.00 @plane/propel:build: ℹ dist/spinners/index.js.map                   2.42 kB │ gzip:   1.33 kB
#26 80.00 @plane/propel:build: ℹ dist/input/index.js.map                      2.34 kB │ gzip:   1.11 kB
#26 80.00 @plane/propel:build: ℹ dist/popover-CrZ8wRJs.js                     2.30 kB │ gzip:   0.85 kB
#26 80.00 @plane/propel:build: ℹ dist/animated-counter-CqtqTlrG.js            2.27 kB │ gzip:   0.93 kB
#26 80.00 @plane/propel:build: ℹ dist/card-BJ9a4xMU.js                        2.13 kB │ gzip:   0.90 kB
#26 80.00 @plane/propel:build: ℹ dist/legend-HUzGLN3O.js                      2.08 kB │ gzip:   1.03 kB
#26 80.00 @plane/propel:build: ℹ dist/circular-bar-spinner-Cp6QEb9r.js        2.08 kB │ gzip:   0.60 kB
#26 80.00 @plane/propel:build: ℹ dist/tooltip-CLEkTCyg.js                     2.05 kB │ gzip:   0.96 kB
#26 80.00 @plane/propel:build: ℹ dist/combobox/index.d.ts.map                 1.95 kB │ gzip:   0.65 kB
#26 80.00 @plane/propel:build: ℹ dist/calendar/index.js.map                   1.94 kB │ gzip:   0.92 kB
#26 80.00 @plane/propel:build: ℹ dist/emoji-icon-picker/index.d.ts.map        1.79 kB │ gzip:   0.77 kB
#26 80.00 @plane/propel:build: ℹ dist/emoji-reaction/index.d.ts.map           1.71 kB │ gzip:   0.62 kB
#26 80.00 @plane/propel:build: ℹ dist/skeleton/index.js.map                   1.66 kB │ gzip:   0.82 kB
#26 80.00 @plane/propel:build: ℹ dist/table/index.d.ts.map                    1.61 kB │ gzip:   0.46 kB
#26 80.00 @plane/propel:build: ℹ dist/portal/index.d.ts.map                   1.57 kB │ gzip:   0.64 kB
#26 80.00 @plane/propel:build: ℹ dist/classname-BokbBhj4.js                   1.47 kB │ gzip:   0.74 kB
#26 80.00 @plane/propel:build: ℹ dist/toast/index.d.ts.map                    1.46 kB │ gzip:   0.68 kB
#26 80.00 @plane/propel:build: ℹ dist/tabs/index.d.ts.map                     1.42 kB │ gzip:   0.47 kB
#26 80.00 @plane/propel:build: ℹ dist/accordion/index.d.ts.map                1.28 kB │ gzip:   0.49 kB
#26 80.00 @plane/propel:build: ℹ dist/placement-Db9Qu3XD.js                   1.13 kB │ gzip:   0.36 kB
#26 80.00 @plane/propel:build: ℹ dist/badge/index.d.ts.map                    1.12 kB │ gzip:   0.43 kB
#26 80.00 @plane/propel:build: ℹ dist/dialog/index.d.ts.map                   1.09 kB │ gzip:   0.50 kB
#26 80.00 @plane/propel:build: ℹ dist/menu/index.d.ts.map                     1.09 kB │ gzip:   0.47 kB
#26 80.00 @plane/propel:build: ℹ dist/toolbar/index.d.ts.map                  1.00 kB │ gzip:   0.45 kB
#26 80.00 @plane/propel:build: ℹ dist/pill/index.d.ts.map                     0.99 kB │ gzip:   0.45 kB
#26 80.00 @plane/propel:build: ℹ dist/icon-button/index.d.ts.map              0.96 kB │ gzip:   0.44 kB
#26 80.00 @plane/propel:build: ℹ dist/collapsible/index.d.ts.map              0.95 kB │ gzip:   0.44 kB
#26 80.00 @plane/propel:build: ℹ dist/context-menu/index.d.ts.map             0.94 kB │ gzip:   0.40 kB
#26 80.00 @plane/propel:build: ℹ dist/command/index.d.ts.map                  0.93 kB │ gzip:   0.39 kB
#26 80.00 @plane/propel:build: ℹ dist/helper-DDe4Ghnj.d.ts.map                0.76 kB │ gzip:   0.38 kB
#26 80.00 @plane/propel:build: ℹ dist/card/index.d.ts.map                     0.69 kB │ gzip:   0.38 kB
#26 80.00 @plane/propel:build: ℹ dist/skeleton/index.d.ts.map                 0.63 kB │ gzip:   0.31 kB
#26 80.00 @plane/propel:build: ℹ dist/scrollarea/index.d.ts.map               0.60 kB │ gzip:   0.33 kB
#26 80.00 @plane/propel:build: ℹ dist/banner/index.d.ts.map                   0.59 kB │ gzip:   0.31 kB
#26 80.00 @plane/propel:build: ℹ dist/popover/index.d.ts.map                  0.58 kB │ gzip:   0.32 kB
#26 80.00 @plane/propel:build: ℹ dist/spinners/index.d.ts.map                 0.57 kB │ gzip:   0.28 kB
#26 80.00 @plane/propel:build: ℹ dist/button/index.d.ts.map                   0.52 kB │ gzip:   0.24 kB
#26 80.00 @plane/propel:build: ℹ dist/tab-navigation/index.d.ts.map           0.52 kB │ gzip:   0.28 kB
#26 80.00 @plane/propel:build: ℹ dist/placement-qJjmdCXt.d.ts.map             0.49 kB │ gzip:   0.26 kB
#26 80.00 @plane/propel:build: ℹ dist/switch/index.d.ts.map                   0.48 kB │ gzip:   0.25 kB
#26 80.00 @plane/propel:build: ℹ dist/tooltip/index.d.ts.map                  0.40 kB │ gzip:   0.26 kB
#26 80.00 @plane/propel:build: ℹ dist/animated-counter/index.d.ts.map         0.38 kB │ gzip:   0.22 kB
#26 80.00 @plane/propel:build: ℹ dist/input/index.d.ts.map                    0.35 kB │ gzip:   0.21 kB
#26 80.00 @plane/propel:build: ℹ dist/avatar/index.d.ts.map                   0.34 kB │ gzip:   0.22 kB
#26 80.00 @plane/propel:build: ℹ dist/charts/scatter-chart/index.d.ts.map     0.32 kB │ gzip:   0.20 kB
#26 80.00 @plane/propel:build: ℹ dist/charts/bar-chart/index.d.ts.map         0.32 kB │ gzip:   0.20 kB
#26 80.00 @plane/propel:build: ℹ dist/charts/pie-chart/index.d.ts.map         0.32 kB │ gzip:   0.20 kB
#26 80.00 @plane/propel:build: ℹ dist/charts/area-chart/index.d.ts.map        0.31 kB │ gzip:   0.20 kB
#26 80.00 @plane/propel:build: ℹ dist/charts/line-chart/index.d.ts.map        0.31 kB │ gzip:   0.20 kB
#26 80.00 @plane/propel:build: ℹ dist/calendar/index.d.ts.map                 0.29 kB │ gzip:   0.21 kB
#26 80.00 @plane/propel:build: ℹ dist/charts/radar-chart/index.d.ts.map       0.27 kB │ gzip:   0.18 kB
#26 80.00 @plane/propel:build: ℹ dist/charts/tree-map/index.d.ts.map          0.16 kB │ gzip:   0.14 kB
#26 80.00 @plane/propel:build: ℹ dist/utils/index.d.ts.map                    0.14 kB │ gzip:   0.13 kB
#26 80.00 @plane/propel:build: ℹ dist/utils-MPqvUdqq.js                       0.00 kB │ gzip:   0.02 kB
#26 80.00 @plane/propel:build: ℹ dist/empty-state/index.d.ts                 14.64 kB │ gzip:   2.17 kB
#26 80.00 @plane/propel:build: ℹ dist/icons/index.d.ts                        6.31 kB │ gzip:   1.89 kB
#26 80.00 @plane/propel:build: ℹ dist/emoji-icon-picker/index.d.ts            4.14 kB │ gzip:   1.41 kB
#26 80.00 @plane/propel:build: ℹ dist/portal/index.d.ts                       3.97 kB │ gzip:   1.42 kB
#26 80.00 @plane/propel:build: ℹ dist/combobox/index.d.ts                     2.23 kB │ gzip:   0.74 kB
#26 80.00 @plane/propel:build: ℹ dist/emoji-reaction/index.d.ts               2.20 kB │ gzip:   0.67 kB
#26 80.00 @plane/propel:build: ℹ dist/tabs/index.d.ts                         2.03 kB │ gzip:   0.45 kB
#26 80.00 @plane/propel:build: ℹ dist/table/index.d.ts                        1.95 kB │ gzip:   0.37 kB
#26 80.00 @plane/propel:build: ℹ dist/context-menu/index.d.ts                 1.95 kB │ gzip:   0.53 kB
#26 80.00 @plane/propel:build: ℹ dist/menu/index.d.ts                         1.83 kB │ gzip:   0.74 kB
#26 80.00 @plane/propel:build: ℹ dist/toolbar/index.d.ts                      1.80 kB │ gzip:   0.54 kB
#26 80.00 @plane/propel:build: ℹ dist/toast/index.d.ts                        1.79 kB │ gzip:   0.62 kB
#26 80.00 @plane/propel:build: ℹ dist/badge/index.d.ts                        1.61 kB │ gzip:   0.55 kB
#26 80.00 @plane/propel:build: ℹ dist/accordion/index.d.ts                    1.48 kB │ gzip:   0.45 kB
#26 80.00 @plane/propel:build: ℹ dist/dialog/index.d.ts                       1.38 kB │ gzip:   0.52 kB
#26 80.00 @plane/propel:build: ℹ dist/tab-navigation/index.d.ts               1.27 kB │ gzip:   0.47 kB
#26 80.00 @plane/propel:build: ℹ dist/icon-button/index.d.ts                  1.26 kB │ gzip:   0.55 kB
#26 80.00 @plane/propel:build: ℹ dist/banner/index.d.ts                       1.22 kB │ gzip:   0.61 kB
#26 80.00 @plane/propel:build: ℹ dist/avatar/index.d.ts                       1.21 kB │ gzip:   0.53 kB
#26 80.00 @plane/propel:build: ℹ dist/card/index.d.ts                         1.11 kB │ gzip:   0.56 kB
#26 80.00 @plane/propel:build: ℹ dist/pill/index.d.ts                         1.05 kB │ gzip:   0.52 kB
#26 80.00 @plane/propel:build: ℹ dist/button/index.d.ts                       1.05 kB │ gzip:   0.49 kB
#26 80.00 @plane/propel:build: ℹ dist/collapsible/index.d.ts                  0.96 kB │ gzip:   0.39 kB
#26 80.00 @plane/propel:build: ℹ dist/command/index.d.ts                      0.95 kB │ gzip:   0.31 kB
#26 80.00 @plane/propel:build: ℹ dist/scrollarea/index.d.ts                   0.90 kB │ gzip:   0.41 kB
#26 80.00 @plane/propel:build: ℹ dist/popover/index.d.ts                      0.84 kB │ gzip:   0.44 kB
#26 80.00 @plane/propel:build: ℹ dist/spinners/index.d.ts                     0.75 kB │ gzip:   0.30 kB
#26 80.00 @plane/propel:build: ℹ dist/skeleton/index.d.ts                     0.75 kB │ gzip:   0.32 kB
#26 80.00 @plane/propel:build: ℹ dist/tooltip/index.d.ts                      0.68 kB │ gzip:   0.39 kB
#26 80.00 @plane/propel:build: ℹ dist/animated-counter/index.d.ts             0.56 kB │ gzip:   0.36 kB
#26 80.00 @plane/propel:build: ℹ dist/switch/index.d.ts                       0.52 kB │ gzip:   0.31 kB
#26 80.00 @plane/propel:build: ℹ dist/utils/index.d.ts                        0.45 kB │ gzip:   0.28 kB
#26 80.00 @plane/propel:build: ℹ dist/input/index.d.ts                        0.45 kB │ gzip:   0.29 kB
#26 80.00 @plane/propel:build: ℹ dist/calendar/index.d.ts                     0.42 kB │ gzip:   0.28 kB
#26 80.00 @plane/propel:build: ℹ dist/charts/scatter-chart/index.d.ts         0.35 kB │ gzip:   0.24 kB
#26 80.00 @plane/propel:build: ℹ dist/charts/area-chart/index.d.ts            0.33 kB │ gzip:   0.24 kB
#26 80.00 @plane/propel:build: ℹ dist/charts/line-chart/index.d.ts            0.33 kB │ gzip:   0.24 kB
#26 80.00 @plane/propel:build: ℹ dist/charts/bar-chart/index.d.ts             0.33 kB │ gzip:   0.24 kB
#26 80.00 @plane/propel:build: ℹ dist/charts/pie-chart/index.d.ts             0.33 kB │ gzip:   0.23 kB
#26 80.00 @plane/propel:build: ℹ dist/charts/radar-chart/index.d.ts           0.31 kB │ gzip:   0.23 kB
#26 80.00 @plane/propel:build: ℹ dist/charts/tree-map/index.d.ts              0.27 kB │ gzip:   0.19 kB
#26 80.00 @plane/propel:build: ℹ dist/index-BUyOAoiw.d.ts                    35.59 kB │ gzip:   5.29 kB
#26 80.00 @plane/propel:build: ℹ dist/helper-DDe4Ghnj.d.ts                    1.03 kB │ gzip:   0.50 kB
#26 80.00 @plane/propel:build: ℹ dist/placement-qJjmdCXt.d.ts                 0.75 kB │ gzip:   0.40 kB
#26 80.00 @plane/propel:build: ℹ 187 files, total: 2971.60 kB
#26 80.47 @plane/propel:build: ✔ Build complete in 20895ms
#26 80.61 @plane/ui:build: cache bypass, force executing 708092d45d519b67
#26 81.98 @plane/ui:build: $ tsdown
#26 82.22 @plane/ui:build: ℹ tsdown v0.16.0 powered by rolldown v1.0.0-beta.46
#26 82.39 @plane/ui:build: ℹ Using tsdown config: /app/packages/ui/tsdown.config.ts
#26 82.42 @plane/ui:build: ℹ entry: src/index.ts
#26 82.42 @plane/ui:build: ℹ tsconfig: tsconfig.json
#26 82.42 @plane/ui:build: ℹ Build start
#26 91.08 @plane/ui:build: ℹ dist/index.js        110.88 kB │ gzip: 22.00 kB
#26 91.08 @plane/ui:build: ℹ dist/index.js.map    204.62 kB │ gzip: 43.58 kB
#26 91.08 @plane/ui:build: ℹ dist/index.d.ts.map   17.64 kB │ gzip:  6.10 kB
#26 91.08 @plane/ui:build: ℹ dist/index.d.ts       25.39 kB │ gzip:  5.51 kB
#26 91.08 @plane/ui:build: ℹ 4 files, total: 358.53 kB
#26 91.09 @plane/ui:build: ✔ Build complete in 8666ms
#26 91.20 @plane/editor:build: cache bypass, force executing e9dd901e93eb1f05
#26 92.37 @plane/editor:build: $ tsc && tsdown
#26 114.1 @plane/editor:build: ℹ tsdown v0.16.0 powered by rolldown v1.0.0-beta.46
#26 114.4 @plane/editor:build: ℹ Using tsdown config: /app/packages/editor/tsdown.config.ts
#26 114.4 @plane/editor:build: ℹ entry: src/index.ts, src/lib.ts
#26 114.4 @plane/editor:build: ℹ tsconfig: tsconfig.json
#26 114.4 @plane/editor:build: ℹ Build start
#26 127.4 @plane/editor:build: ℹ dist/index.js                                       203.73 kB │ gzip: 44.71 kB
#26 127.4 @plane/editor:build: ℹ dist/lib.js                                           2.66 kB │ gzip:  0.84 kB
#26 127.4 @plane/editor:build: ℹ dist/document-collaborative-events-NWWO-tl_.js.map  446.63 kB │ gzip: 93.63 kB
#26 127.4 @plane/editor:build: ℹ dist/index.js.map                                   427.84 kB │ gzip: 94.00 kB
#26 127.4 @plane/editor:build: ℹ dist/document-collaborative-events-NWWO-tl_.js      212.28 kB │ gzip: 45.98 kB
#26 127.4 @plane/editor:build: ℹ dist/yjs-utils-X9TG3ouQ.d.ts.map                     13.68 kB │ gzip:  5.06 kB
#26 127.4 @plane/editor:build: ℹ dist/lib.js.map                                       4.80 kB │ gzip:  1.32 kB
#26 127.4 @plane/editor:build: ℹ dist/index.d.ts.map                                   1.66 kB │ gzip:  0.74 kB
#26 127.4 @plane/editor:build: ℹ dist/lib.d.ts.map                                     0.16 kB │ gzip:  0.14 kB
#26 127.4 @plane/editor:build: ℹ dist/index.d.ts                                       9.15 kB │ gzip:  2.62 kB
#26 127.4 @plane/editor:build: ℹ dist/lib.d.ts                                         2.43 kB │ gzip:  0.79 kB
#26 127.4 @plane/editor:build: ℹ dist/yjs-utils-X9TG3ouQ.d.ts                         32.21 kB │ gzip:  7.99 kB
#26 127.4 @plane/editor:build: ℹ 12 files, total: 1357.22 kB
#26 127.6 @plane/editor:build: ✔ Build complete in 13260ms
#26 128.0 web:build: cache bypass, force executing 0197b0ef627567a3
#26 129.3 web:build: $ react-router build
#26 131.9 web:build: The plugin "vite-tsconfig-paths" is detected. Vite now supports tsconfig paths resolution natively via the resolve.tsconfigPaths option. You can remove the plugin and set resolve.tsconfigPaths: true in your Vite config instead.
#26 132.0 web:build: The plugin "vite-tsconfig-paths" is detected. Vite now supports tsconfig paths resolution natively via the resolve.tsconfigPaths option. You can remove the plugin and set resolve.tsconfigPaths: true in your Vite config instead.
#26 132.3 web:build: (node:749) [MODULE_TYPELESS_PACKAGE_JSON] Warning: Module type of file:///app/packages/tailwind-config/postcss.config.js is not specified and it doesn't parse as CommonJS.
#26 132.3 web:build: Reparsing as ES module because module syntax was detected. This incurs a performance overhead.
#26 132.3 web:build: To eliminate this warning, add "type": "module" to /app/packages/tailwind-config/package.json.
#26 132.3 web:build: (Use `node --trace-warnings ...` to show where the warning was created)
#26 132.4 web:build: Using Vite Environment API
#26 132.4 web:build: vite v8.0.16 building client environment for production...
#26 206.1 web:build: [2Kweb:build: transforming...✓ 20488 modules transformed.
#26 206.2 web:build: ✗ Build failed in 1m 14s
#26 206.2 web:build: Build failed with 1 error:
#26 206.2 web:build: 
#26 206.2 web:build: [31m[UNRESOLVED_IMPORT] [0mCould not resolve './extended-sidebar.helpers' in app/(all)/[workspaceSlug]/(projects)/extended-sidebar.tsx
#26 206.2 web:build:     [38;5;246m╭[0m[38;5;246m─[0m[38;5;246m[[0m app/(all)/[workspaceSlug]/(projects)/extended-sidebar.tsx:16:49 [38;5;246m][0m
#26 206.2 web:build:     [38;5;246m│[0m
#26 206.2 web:build:  [38;5;246m16 │[0m [38;5;249mi[0m[38;5;249mm[0m[38;5;249mp[0m[38;5;249mo[0m[38;5;249mr[0m[38;5;249mt[0m[38;5;249m [0m[38;5;249m{[0m[38;5;249m [0m[38;5;249mg[0m[38;5;249me[0m[38;5;249mt[0m[38;5;249mP[0m[38;5;249me[0m[38;5;249mr[0m[38;5;249ms[0m[38;5;249mo[0m[38;5;249mn[0m[38;5;249ma[0m[38;5;249ml[0m[38;5;249mE[0m[38;5;249mx[0m[38;5;249mt[0m[38;5;249me[0m[38;5;249mn[0m[38;5;249md[0m[38;5;249me[0m[38;5;249md[0m[38;5;249mS[0m[38;5;249mi[0m[38;5;249md[0m[38;5;249me[0m[38;5;249mb[0m[38;5;249ma[0m[38;5;249mr[0m[38;5;249mI[0m[38;5;249mt[0m[38;5;249me[0m[38;5;249mm[0m[38;5;249ms[0m[38;5;249m [0m[38;5;249m}[0m[38;5;249m [0m[38;5;249mf[0m[38;5;249mr[0m[38;5;249mo[0m[38;5;249mm[0m[38;5;249m [0m"./extended-sidebar.helpers"[38;5;249m;[0m
#26 206.2 web:build:  [38;5;240m   │[0m                                                 ──────────────┬─────────────  
#26 206.2 web:build:  [38;5;240m   │[0m                                                               ╰─────────────── Module not found.
#26 206.2 web:build:  [38;5;240m   │[0m 
#26 206.2 web:build:  [38;5;240m   │[0m [38;5;115mHelp[0m: 'app/(all)/[workspaceSlug]/(projects)/extended-sidebar.tsx' is imported by the following path:
#26 206.2 web:build:  [38;5;240m   │[0m         - app/(all)/[workspaceSlug]/(projects)/extended-sidebar.tsx
#26 206.2 web:build:  [38;5;240m   │[0m         - app/(all)/[workspaceSlug]/(projects)/_sidebar.tsx
#26 206.2 web:build:  [38;5;240m   │[0m         - app/(all)/[workspaceSlug]/(projects)/layout.tsx
#26 206.2 web:build:  [38;5;240m   │[0m         - app/(all)/[workspaceSlug]/(projects)/layout.tsx?__react-router-build-client-route
#26 206.2 web:build: [38;5;246m────╯[0m
#26 206.2 web:build: 
#26 206.2 web:build:     at aggregateBindingErrorsIntoJsError (file:///app/node_modules/.pnpm/rolldown@1.0.3/node_modules/rolldown/dist/shared/error-BuvQYXuZ.mjs:48:18)
#26 206.2 web:build:     at unwrapBindingResult (file:///app/node_modules/.pnpm/rolldown@1.0.3/node_modules/rolldown/dist/shared/error-BuvQYXuZ.mjs:18:128)
#26 206.2 web:build:     at #build (file:///app/node_modules/.pnpm/rolldown@1.0.3/node_modules/rolldown/dist/shared/rolldown-build-CrPk_lZe.mjs:3246:34)
#26 206.2 web:build:     at async buildEnvironment (file:///app/node_modules/.pnpm/vite@8.0.16_@types+node@22.12.0_esbuild@0.28.1_jiti@2.7.0_terser@5.43.1_tsx@4.20.6_yaml@2.8.3/node_modules/vite/dist/node/chunks/node.js:33253:64)
#26 206.2 web:build:     at async Object.build (file:///app/node_modules/.pnpm/vite@8.0.16_@types+node@22.12.0_esbuild@0.28.1_jiti@2.7.0_terser@5.43.1_tsx@4.20.6_yaml@2.8.3/node_modules/vite/dist/node/chunks/node.js:33675:19)
#26 206.2 web:build:     at async buildApp (file:///app/node_modules/.pnpm/@react-router+dev@8.3.0_@react-router+serve@8.3.0_react-router@8.3.0_react-dom@19.2.8_r_9854e2c15c95b8451927322c02cc1058/node_modules/@react-router/dev/dist/vite.js:1537:8)
#26 206.2 web:build:     at async buildApp (file:///app/node_modules/.pnpm/@react-router+dev@8.3.0_@react-router+serve@8.3.0_react-router@8.3.0_react-dom@19.2.8_r_9854e2c15c95b8451927322c02cc1058/node_modules/@react-router/dev/dist/vite.js:794:6)
#26 206.2 web:build:     at async Object.buildApp (file:///app/node_modules/.pnpm/@react-router+dev@8.3.0_@react-router+serve@8.3.0_react-router@8.3.0_react-dom@19.2.8_r_9854e2c15c95b8451927322c02cc1058/node_modules/@react-router/dev/dist/vite.js:2202:8)
#26 206.2 web:build:     at async Object.buildApp (file:///app/node_modules/.pnpm/vite@8.0.16_@types+node@22.12.0_esbuild@0.28.1_jiti@2.7.0_terser@5.43.1_tsx@4.20.6_yaml@2.8.3/node_modules/vite/dist/node/chunks/node.js:33671:38)
#26 206.2 web:build:     at async build (file:///app/node_modules/.pnpm/@react-router+dev@8.3.0_@react-router+serve@8.3.0_react-router@8.3.0_react-dom@19.2.8_r_9854e2c15c95b8451927322c02cc1058/node_modules/@react-router/dev/dist/build-B8O1OXuF.js:16:2) {
#26 206.2 web:build:   errors: [Getter/Setter]
#26 206.2 web:build: }
#26 207.6 web:build: [ELIFECYCLE] Command failed with exit code 1.
#26 207.9 web#build:  ERROR  command (/app/apps/web) /usr/local/bin/pnpm run build exited (1)
#26 207.9 
#26 207.9  Tasks:    10 successful, 11 total
#26 207.9 Cached:    0 cached, 11 total
#26 207.9   Time:    3m18.009s 
#26 207.9 Failed:    web#build
#26 207.9 
#26 208.3  ERROR  run failed: command  exited (1)
#26 ERROR: process "/bin/sh -c pnpm turbo run build --filter=web --force     && printf '%s\\n' \"$DEPLOY_SOURCE_SHA\" > /app/apps/web/build/client/deployment-source.txt" did not complete successfully: exit code: 1
------
 > [installer 12/12] RUN pnpm turbo run build --filter=web --force     && printf '%s\n' "001a4f0aa03292b58965e110f14867c7abcfa60b3a3062722f089e0fe9cdfa57" > /app/apps/web/build/client/deployment-source.txt:
206.2 web:build: }
207.6 web:build: [ELIFECYCLE] Command failed with exit code 1.
207.9 web#build:  ERROR  command (/app/apps/web) /usr/local/bin/pnpm run build exited (1)
207.9 
207.9  Tasks:    10 successful, 11 total
207.9 Cached:    0 cached, 11 total
207.9   Time:    3m18.009s 
207.9 Failed:    web#build
207.9 
208.3  ERROR  run failed: command  exited (1)
------
failed to solve: process "/bin/sh -c pnpm turbo run build --filter=web --force     && printf '%s\\n' \"$DEPLOY_SOURCE_SHA\" > /app/apps/web/build/client/deployment-source.txt" did not complete successfully: exit code: 1

Deployment failed during application build and replacement (line 78).
Deployment failed during remote build and deployment (line 66).
Command exited with non-zero status 1
	Command being timed: "./deploy-production.sh"
	User time (seconds): 9.47
	System time (seconds): 10.64
	Percent of CPU this job got: 3%
	Elapsed (wall clock) time (h:mm:ss or m:ss): 10:52.64
	Average shared text size (kbytes): 0
	Average unshared data size (kbytes): 0
	Average stack size (kbytes): 0
	Average total size (kbytes): 0
	Maximum resident set size (kbytes): 9444
	Average resident set size (kbytes): 0
	Major (requiring I/O) page faults: 105
	Minor (reclaiming a frame) page faults: 1393224
	Voluntary context switches: 27963
	Involuntary context switches: 3191
	Swaps: 0
	File system inputs: 136184
	File system outputs: 1248
	Socket messages sent: 0
	Socket messages received: 0
	Signals delivered: 0
	Page size (bytes): 4096
	Exit status: 1

=== Production deploy finished: 2026-09-20T11:15:30+08:00 (exit=1, elapsed=10m 53s) ===
Log: deploy-20260920-110437.log
